Archive member included to satisfy reference by file (symbol)

/opt/devkitPro//libctru/lib/libcitro3d.a(base.o)
                              Renderer.o (C3D_Init)
/opt/devkitPro//libctru/lib/libcitro3d.a(renderqueue.o)
                              /opt/devkitPro//libctru/lib/libcitro3d.a(base.o) (C3Di_RenderQueueEnableVBlank)
/opt/devkitPro//libctru/lib/libcitro3d.a(texture.o)
                              Clouds.o (C3D_TexInitWithParams)
/opt/devkitPro//libctru/lib/libcitro3d.a(framebuffer.o)
                              /opt/devkitPro//libctru/lib/libcitro3d.a(renderqueue.o) (C3D_CalcColorBufSize)
/opt/devkitPro//libctru/lib/libcitro3d.a(fog.o)
                              WorldRenderer.o (FogLut_FromArray)
/opt/devkitPro//libctru/lib/libcitro3d.a(texenv.o)
                              Cursor.o (C3D_GetTexEnv)
/opt/devkitPro//libctru/lib/libcitro3d.a(buffers.o)
                              Clouds.o (BufInfo_Init)
/opt/devkitPro//libctru/lib/libcitro3d.a(drawArrays.o)
                              Clouds.o (C3D_DrawArrays)
/opt/devkitPro//libctru/lib/libcitro3d.a(effect.o)
                              Cursor.o (C3D_DepthMap)
/opt/devkitPro//libctru/lib/libcitro3d.a(attribs.o)
                              Renderer.o (AttrInfo_Init)
/opt/devkitPro//libctru/lib/libcitro3d.a(immediate.o)
                              /opt/devkitPro//libctru/lib/libcitro3d.a(base.o) (C3D_ImmSendAttrib)
/opt/devkitPro//libctru/lib/libcitro3d.a(uniforms.o)
                              /opt/devkitPro//libctru/lib/libcitro3d.a(base.o) (C3D_UpdateUniforms)
/opt/devkitPro//libctru/lib/libcitro3d.a(mtx_scale.o)
                              Clouds.o (Mtx_Scale)
/opt/devkitPro//libctru/lib/libcitro3d.a(mtx_multiply.o)
                              Camera.o (Mtx_Multiply)
/opt/devkitPro//libctru/lib/libcitro3d.a(mtx_rotatex.o)
                              Camera.o (Mtx_RotateX)
/opt/devkitPro//libctru/lib/libcitro3d.a(mtx_persptilt.o)
                              Camera.o (Mtx_PerspTilt)
/opt/devkitPro//libctru/lib/libcitro3d.a(mtx_perspstereotilt.o)
                              Camera.o (Mtx_PerspStereoTilt)
/opt/devkitPro//libctru/lib/libcitro3d.a(mtx_orthotilt.o)
                              SpriteBatch.o (Mtx_OrthoTilt)
/opt/devkitPro//libctru/lib/libcitro3d.a(mtx_multiplyfvec3.o)
                              SpriteBatch.o (Mtx_MultiplyFVec3)
/opt/devkitPro//libctru/lib/libcitro3d.a(mtx_translate.o)
                              Camera.o (Mtx_Translate)
/opt/devkitPro//libctru/lib/libcitro3d.a(mtx_rotatez.o)
                              Hand.o (Mtx_RotateZ)
/opt/devkitPro//libctru/lib/libcitro3d.a(mtx_rotatey.o)
                              Camera.o (Mtx_RotateY)
/opt/devkitPro//libctru/lib/libctru.a(vram.o)
                              /opt/devkitPro//libctru/lib/libcitro3d.a(renderqueue.o) (vramAlloc)
/opt/devkitPro//libctru/lib/libctru.a(linear.o)
                              Clouds.o (linearAlloc)
/opt/devkitPro//libctru/lib/libctru.a(mem_pool.o)
                              /opt/devkitPro//libctru/lib/libctru.a(vram.o) (MemPool::Allocate(MemChunk&, unsigned long, int))
/opt/devkitPro//libctru/lib/libctru.a(romfs_dev.o)
                              main.o (romfsMountSelf)
/opt/devkitPro//libctru/lib/libctru.a(synchronization.o)
                              PolyGen.o (LightLock_Init)
/opt/devkitPro//libctru/lib/libctru.a(os.o)
                              /opt/devkitPro//libctru/lib/libcitro3d.a(texture.o) (osConvertVirtToPhys)
/opt/devkitPro//libctru/lib/libctru.a(console.o)
                              Crash.o (consoleInit)
/opt/devkitPro//libctru/lib/libctru.a(path_buf.o)
                              /opt/devkitPro//libctru/lib/libctru.a(romfs_dev.o) (__ctru_dev_utf16_buf)
/opt/devkitPro//libctru/lib/libctru.a(gfx.o)
                              main.o (gfxSet3D)
/opt/devkitPro//libctru/lib/libctru.a(thread.o)
                              ChunkWorker.o (threadCreate)
/opt/devkitPro//libctru/lib/libctru.a(shaderProgram.o)
                              Renderer.o (shaderInstanceGetUniformLocation)
/opt/devkitPro//libctru/lib/libctru.a(shbin.o)
                              Renderer.o (DVLB_ParseFile)
/opt/devkitPro//libctru/lib/libctru.a(gx.o)
                              /opt/devkitPro//libctru/lib/libcitro3d.a(renderqueue.o) (GX_BindQueue)
/opt/devkitPro//libctru/lib/libctru.a(gxqueue.o)
                              /opt/devkitPro//libctru/lib/libcitro3d.a(renderqueue.o) (gxCmdQueueClear)
/opt/devkitPro//libctru/lib/libctru.a(gpu.o)
                              /opt/devkitPro//libctru/lib/libcitro3d.a(base.o) (gpuCmdBufOffset)
/opt/devkitPro//libctru/lib/libctru.a(irrst.o)
                              main.o (irrstCstickRead)
/opt/devkitPro//libctru/lib/libctru.a(gspgpu.o)
                              /opt/devkitPro//libctru/lib/libctru.a(gfx.o) (gspInit)
/opt/devkitPro//libctru/lib/libctru.a(apt.o)
                              /opt/devkitPro//libctru/lib/libcitro3d.a(base.o) (aptHook)
[...]
Memory Configuration

Name             Origin             Length             Attributes
*default*        0x0000000000000000 0xffffffffffffffff

Linker script and memory map

                0x0000000000100000                PROVIDE (__start__ = 0x100000)
                0x0000000000100000                . = __start__

.text           0x0000000000100000    0x47588
 *(.crt0)
 .crt0          0x0000000000100000       0x94 /opt/devkitpro/devkitARM/bin/../lib/gcc/arm-none-eabi/12.2.0/../../../../arm-none-eabi/lib/armv6k/fpu/3dsx_crt0.o
                0x0000000000100000                _start
                0x0000000000100008                __service_ptr
                0x000000000010000c                __apt_appid
                0x0000000000100010                __heap_size
                0x0000000000100014                __linear_heap_size
                0x0000000000100018                __system_arglist
                0x000000000010001c                __system_runflags
 *(.init)
 .init          0x0000000000100094        0xc /opt/devkitpro/devkitARM/bin/../lib/gcc/arm-none-eabi/12.2.0/armv6k/fpu/crti.o
                0x0000000000100094                _init
 .init          0x00000000001000a0        0xc /opt/devkitpro/devkitARM/bin/../lib/gcc/arm-none-eabi/12.2.0/armv6k/fpu/crtn.o
                0x00000000001000ac                . = ALIGN (0x4)
 *(.text)
 .text          0x00000000001000ac      0x20c /opt/devkitpro/devkitARM/bin/../lib/gcc/arm-none-eabi/12.2.0/armv6k/fpu/libgcc.a(_udivsi3.o)
                0x00000000001000ac                __udivsi3
                0x00000000001000ac                __aeabi_uidiv
                0x0000000000100298                __aeabi_uidivmod
 .text          0x00000000001002b8      0x240 /opt/devkitpro/devkitARM/bin/../lib/gcc/arm-none-eabi/12.2.0/armv6k/fpu/libgcc.a(_divsi3.o)
                0x00000000001002b8                __aeabi_idiv
                0x00000000001002b8                __divsi3
                0x00000000001004d8                __aeabi_idivmod
 .text          0x00000000001004f8        0x4 /opt/devkitpro/devkitARM/bin/../lib/gcc/arm-none-eabi/12.2.0/armv6k/fpu/libgcc.a(_dvmd_tls.o)
                0x00000000001004f8                __aeabi_ldiv0
                0x00000000001004f8                __aeabi_idiv0
 .text          0x00000000001004fc      0x3c0 /opt/devkitpro/devkitARM/bin/../lib/gcc/arm-none-eabi/12.2.0/armv6k/fpu/libgcc.a(_arm_addsubdf3.o)
                0x00000000001004fc                __aeabi_drsub
                0x0000000000100504                __subdf3
                0x0000000000100504                __aeabi_dsub
                0x0000000000100508                __aeabi_dadd
                0x0000000000100508                __adddf3
                0x00000000001007b4                __aeabi_ui2d
                0x00000000001007b4                __floatunsidf
                0x00000000001007d8                __floatsidf
                0x00000000001007d8                __aeabi_i2d
                0x0000000000100800                __extendsfdf2
                0x0000000000100800                __aeabi_f2d
                0x0000000000100848                __aeabi_ul2d
                0x0000000000100848                __floatundidf
                0x000000000010085c                __aeabi_l2d
                0x000000000010085c                __floatdidf
 .text          0x00000000001008bc      0x250 /opt/devkitpro/devkitARM/bin/../lib/gcc/arm-none-eabi/12.2.0/armv6k/fpu/libgcc.a(_arm_addsubsf3.o)
                0x00000000001008bc                __aeabi_frsub
                0x00000000001008c4                __aeabi_fsub
                0x00000000001008c4                __subsf3
                0x00000000001008c8                __aeabi_fadd
                0x00000000001008c8                __addsf3
                0x0000000000100a58                __aeabi_ui2f
                0x0000000000100a58                __floatunsisf
                0x0000000000100a60                __floatsisf
                0x0000000000100a60                __aeabi_i2f
                0x0000000000100a80                __aeabi_ul2f
                0x0000000000100a80                __floatundisf
                0x0000000000100a90                __aeabi_l2f
                0x0000000000100a90                __floatdisf
 .text          0x0000000000100b0c       0xd4 /opt/devkitpro/devkitARM/bin/../lib/gcc/arm-none-eabi/12.2.0/armv6k/fpu/libgcc.a(_aeabi_ldivmod.o)
                0x0000000000100b0c                __aeabi_ldivmod
 .text          0x0000000000100be0       0x3c /opt/devkitpro/devkitARM/bin/../lib/gcc/arm-none-eabi/12.2.0/armv6k/fpu/libgcc.a(_aeabi_uldivmod.o)
                0x0000000000100be0                __aeabi_uldivmod
 *fill*         0x0000000000100c1c        0x4 
 .text          0x0000000000100c20      0x390 /opt/devkitpro/devkitARM/bin/../lib/gcc/arm-none-eabi/12.2.0/../../../../arm-none-eabi/lib/armv6k/fpu/libg.a(lib_a-strcmp.o)
                0x0000000000100c28                strcmp
 *(.text.*)
 .text.__do_global_dtors_aux
                0x0000000000100fb0       0x40 /opt/devkitpro/devkitARM/bin/../lib/gcc/arm-none-eabi/12.2.0/armv6k/fpu/crtbegin.o
 .text.frame_dummy
                0x0000000000100ff0       0x2c /opt/devkitpro/devkitARM/bin/../lib/gcc/arm-none-eabi/12.2.0/armv6k/fpu/crtbegin.o
 .text.releaseWorld
                0x000000000010101c       0x68 main.o
                0x000000000010101c                releaseWorld
 *fill*         0x0000000000101084        0x4 
 .text.startup.main
                0x0000000000101088      0x784 main.o
                0x0000000000101088                main
 .text.Collision_BoxIntersect
                0x000000000010180c      0x10c Collision.o
                0x000000000010180c                Collision_BoxIntersect
 .text.CommandLine_Execute
                0x0000000000101918       0xd8 CommandLine.o
                0x0000000000101918                CommandLine_Execute
 .text.CommandLine_Activate
                0x00000000001019f0       0x64 CommandLine.o
                0x00000000001019f0                CommandLine_Activate
 .text.Crash    0x0000000000101a54       0x98 Crash.o
                0x0000000000101a54                Crash
 .text.Raycast_Cast
                0x0000000000101aec      0x2ec Raycast.o
                0x0000000000101aec                Raycast_Cast
 .text.SmeaGen_Init
                0x0000000000101dd8        0x8 SmeaGen.o
                0x0000000000101dd8                SmeaGen_Init
 .text.SmeaGen_Generate
                0x0000000000101de0      0x270 SmeaGen.o
                0x0000000000101de0                SmeaGen_Generate
 .text.SuperFlatGen_Init
                0x0000000000102050        0x4 SuperFlatGen.o
                0x0000000000102050                SuperFlatGen_Init
 .text.SuperFlatGen_Generate
                0x0000000000102054      0x11c SuperFlatGen.o
                0x0000000000102054                SuperFlatGen_Generate
 .text.TestGen_Init
                0x0000000000102170        0x4 TestGen.o
                0x0000000000102170                TestGen_Init
 .text.Chunk_MakeTree
                0x0000000000102174      0xc90 TestGen.o
                0x0000000000102174                Chunk_MakeTree
 .text.TestGen_Generate
                0x0000000000102e04      0x138 TestGen.o
                0x0000000000102e04                TestGen_Generate
 .text.random_number
                0x0000000000102f3c       0x2c TestGen.o
                0x0000000000102f3c                random_number
 .text.Block_Init
                0x0000000000102f68      0x410 Block.o
                0x0000000000102f68                Block_Init
 .text.Block_Deinit
                0x0000000000103378        0xc Block.o
                0x0000000000103378                Block_Deinit
 .text.Block_GetTextureMap
                0x0000000000103384        0xc Block.o
                0x0000000000103384                Block_GetTextureMap
 .text.Block_GetTexture
                0x0000000000103390      0x23c Block.o
                0x0000000000103390                Block_GetTexture
 .text.Block_GetColor
                0x00000000001035cc       0xc4 Block.o
                0x00000000001035cc                Block_GetColor
 .text.Block_Opaque
                0x0000000000103690       0x2c Block.o
                0x0000000000103690                Block_Opaque
 .text.BlockEvent_RandomTick
                0x00000000001036bc      0x358 BlockEvent.o
                0x00000000001036bc                BlockEvent_RandomTick
 .text.Camera_Init
                0x0000000000103a14       0x68 Camera.o
                0x0000000000103a14                Camera_Init
 *fill*         0x0000000000103a7c        0x4 
 .text.Camera_Update
                0x0000000000103a80      0x624 Camera.o
                0x0000000000103a80                Camera_Update
 .text.Camera_IsAABBVisible
                0x00000000001040a4      0x2b8 Camera.o
                0x00000000001040a4                Camera_IsAABBVisible
 .text.Clouds_Init
                0x000000000010435c      0x134 Clouds.o
                0x000000000010435c                Clouds_Init
 .text.Clouds_Deinit
                0x0000000000104490       0x20 Clouds.o
                0x0000000000104490                Clouds_Deinit
 .text.Clouds_Render
                0x00000000001044b0      0x228 Clouds.o
                0x00000000001044b0                Clouds_Render
 .text.Cursor_Init
                0x00000000001046d8       0x50 Cursor.o
                0x00000000001046d8                Cursor_Init
 .text.Cursor_Deinit
                0x0000000000104728       0x10 Cursor.o
                0x0000000000104728                Cursor_Deinit
 .text.Cursor_Draw
                0x0000000000104738      0x254 Cursor.o
                0x0000000000104738                Cursor_Draw
 .text.Hand_Init
                0x000000000010498c       0x2c Hand.o
                0x000000000010498c                Hand_Init
 .text.Hand_Deinit
                0x00000000001049b8       0x20 Hand.o
                0x00000000001049b8                Hand_Deinit
 .text.Hand_Draw
                0x00000000001049d8      0x504 Hand.o
                0x00000000001049d8                Hand_Draw
 .text.floodFill.part.0
                0x0000000000104edc      0x390 PolyGen.o
 .text.PolyGen_Init
                0x000000000010526c       0x3c PolyGen.o
                0x000000000010526c                PolyGen_Init
 .text.PolyGen_Deinit
                0x00000000001052a8       0x44 PolyGen.o
                0x00000000001052a8                PolyGen_Deinit
 .text.PolyGen_Harvest
                0x00000000001052ec      0x194 PolyGen.o
                0x00000000001052ec                PolyGen_Harvest
 .text.PolyGen_GeneratePolygons
                0x0000000000105480      0xc20 PolyGen.o
                0x0000000000105480                PolyGen_GeneratePolygons
 .text.Renderer_Init
                0x00000000001060a0      0x21c Renderer.o
                0x00000000001060a0                Renderer_Init
 .text.Renderer_Deinit
                0x00000000001062bc       0x50 Renderer.o
                0x00000000001062bc                Renderer_Deinit
 .text.Renderer_Render
                0x000000000010630c      0x3a8 Renderer.o
                0x000000000010630c                Renderer_Render
 .text.tileImage32
                0x00000000001066b4       0xb4 TextureMap.o
                0x00000000001066b4                tileImage32
 .text.Texture_Load
                0x0000000000106768      0x1e0 TextureMap.o
                0x0000000000106768                Texture_Load
 .text.Texture_TileImage8
                0x0000000000106948       0xac TextureMap.o
                0x0000000000106948                Texture_TileImage8
 .text.downscaleImage
                0x00000000001069f4      0x114 TextureMap.o
                0x00000000001069f4                downscaleImage
 .text.Texture_MapInit
                0x0000000000106b08      0x2ac TextureMap.o
                0x0000000000106b08                Texture_MapInit
 .text.Texture_MapGetIcon
                0x0000000000106db4       0x80 TextureMap.o
                0x0000000000106db4                Texture_MapGetIcon
 .text.sort_by_size
                0x0000000000106e34       0x10 VBOCache.o
 .text.VBOCache_Init
                0x0000000000106e44       0x20 VBOCache.o
                0x0000000000106e44                VBOCache_Init
 .text.VBOCache_Deinit
                0x0000000000106e64       0x58 VBOCache.o
                0x0000000000106e64                VBOCache_Deinit
 .text.VBO_Alloc
                0x0000000000106ebc       0xd8 VBOCache.o
                0x0000000000106ebc                VBO_Alloc
 .text.VBO_Free
                0x0000000000106f94       0x98 VBOCache.o
                0x0000000000106f94                VBO_Free
 *fill*         0x000000000010702c        0x4 
 .text.renderWorld
                0x0000000000107030      0x830 WorldRenderer.o
 .text.WorldRenderer_Init
                0x0000000000107860       0xec WorldRenderer.o
                0x0000000000107860                WorldRenderer_Init
 .text.WorldRenderer_Deinit
                0x000000000010794c       0x50 WorldRenderer.o
                0x000000000010794c                WorldRenderer_Deinit
 .text.WorldRenderer_Render
                0x000000000010799c      0x118 WorldRenderer.o
                0x000000000010799c                WorldRenderer_Render
 .text.DebugUI_Init
                0x0000000000107ab4       0x50 DebugUI.o
                0x0000000000107ab4                DebugUI_Init
 .text.DebugUI_Deinit
                0x0000000000107b04       0x40 DebugUI.o
                0x0000000000107b04                DebugUI_Deinit
 .text.DebugUI_Text
                0x0000000000107b44       0x50 DebugUI.o
                0x0000000000107b44                DebugUI_Text
 .text.DebugUI_Log
                0x0000000000107b94       0x50 DebugUI.o
                0x0000000000107b94                DebugUI_Log
 .text.DebugUI_Draw
                0x0000000000107be4      0x100 DebugUI.o
                0x0000000000107be4                DebugUI_Draw
 .text.FontLoader_Init
                0x0000000000107ce4      0x1c8 FontLoader.o
                0x0000000000107ce4                FontLoader_Init
 .text.Gui_Init
                0x0000000000107eac       0x50 Gui.o
                0x0000000000107eac                Gui_Init
 .text.Gui_Deinit
                0x0000000000107efc        0x4 Gui.o
                0x0000000000107efc                Gui_Deinit
 .text.Gui_Frame
                0x0000000000107f00       0x20 Gui.o
                0x0000000000107f00                Gui_Frame
 .text.Gui_Offset
                0x0000000000107f20       0x10 Gui.o
                0x0000000000107f20                Gui_Offset
 .text.Gui_RelativeWidth
                0x0000000000107f30       0x2c Gui.o
                0x0000000000107f30                Gui_RelativeWidth
 .text.Gui_RelativeHeight
                0x0000000000107f5c       0x2c Gui.o
                0x0000000000107f5c                Gui_RelativeHeight
 .text.Gui_BeginRowCenter
                0x0000000000107f88       0x58 Gui.o
                0x0000000000107f88                Gui_BeginRowCenter
 .text.Gui_BeginRow
                0x0000000000107fe0       0x34 Gui.o
                0x0000000000107fe0                Gui_BeginRow
 .text.Gui_EndRow
                0x0000000000108014       0x24 Gui.o
                0x0000000000108014                Gui_EndRow
 .text.Gui_Label
                0x0000000000108038      0x114 Gui.o
                0x0000000000108038                Gui_Label
 .text.Gui_Space
                0x000000000010814c       0x34 Gui.o
                0x000000000010814c                Gui_Space
 .text.Gui_VerticalSpace
                0x0000000000108180       0x18 Gui.o
                0x0000000000108180                Gui_VerticalSpace
 .text.Gui_InputData
                0x0000000000108198       0x4c Gui.o
                0x0000000000108198                Gui_InputData
 .text.Gui_IsCursorInside
                0x00000000001081e4       0x9c Gui.o
                0x00000000001081e4                Gui_IsCursorInside
 .text.Gui_WasCursorInside
                0x0000000000108280       0x9c Gui.o
                0x0000000000108280                Gui_WasCursorInside
 .text.Gui_Button
                0x000000000010831c      0x1dc Gui.o
                0x000000000010831c                Gui_Button
 .text.Gui_EnteredCursorInside
                0x00000000001084f8       0x70 Gui.o
                0x00000000001084f8                Gui_EnteredCursorInside
 .text.Gui_GetCursorMovement
                0x0000000000108568       0xac Gui.o
                0x0000000000108568                Gui_GetCursorMovement
 .text.clickAtStack
                0x0000000000108614       0xd8 Inventory.o
 .text.Inventory_DrawQuickSelect
                0x00000000001086ec      0x21c Inventory.o
                0x00000000001086ec                Inventory_DrawQuickSelect
 .text.Inventory_Draw
                0x0000000000108908      0x178 Inventory.o
                0x0000000000108908                Inventory_Draw
 .text.compareDrawCommands
                0x0000000000108a80       0x38 SpriteBatch.o
 .text.SpriteBatch_Init
                0x0000000000108ab8      0x114 SpriteBatch.o
                0x0000000000108ab8                SpriteBatch_Init
 .text.SpriteBatch_Deinit
                0x0000000000108bcc       0x64 SpriteBatch.o
                0x0000000000108bcc                SpriteBatch_Deinit
 .text.SpriteBatch_BindTexture
                0x0000000000108c30       0x10 SpriteBatch.o
                0x0000000000108c30                SpriteBatch_BindTexture
 .text.SpriteBatch_BindGuiTexture
                0x0000000000108c40       0x78 SpriteBatch.o
                0x0000000000108c40                SpriteBatch_BindGuiTexture
 .text.SpriteBatch_PushSingleColorQuad
                0x0000000000108cb8       0xd8 SpriteBatch.o
                0x0000000000108cb8                SpriteBatch_PushSingleColorQuad
 .text.SpriteBatch_PushQuad
                0x0000000000108d90       0xf8 SpriteBatch.o
                0x0000000000108d90                SpriteBatch_PushQuad
 .text.SpriteBatch_PushQuadColor
                0x0000000000108e88       0xf8 SpriteBatch.o
                0x0000000000108e88                SpriteBatch_PushQuadColor
 .text.SpriteBatch_PushIcon
                0x0000000000108f80      0x330 SpriteBatch.o
                0x0000000000108f80                SpriteBatch_PushIcon
 .text.SpriteBatch_PushTextVargs
                0x00000000001092b0      0x1ec SpriteBatch.o
                0x00000000001092b0                SpriteBatch_PushTextVargs
 .text.SpriteBatch_PushText
                0x000000000010949c       0x40 SpriteBatch.o
                0x000000000010949c                SpriteBatch_PushText
 .text.SpriteBatch_CalcTextWidthVargs
                0x00000000001094dc       0x98 SpriteBatch.o
                0x00000000001094dc                SpriteBatch_CalcTextWidthVargs
 .text.SpriteBatch_GetWidth
                0x0000000000109574       0x24 SpriteBatch.o
                0x0000000000109574                SpriteBatch_GetWidth
 .text.SpriteBatch_GetHeight
                0x0000000000109598       0x24 SpriteBatch.o
                0x0000000000109598                SpriteBatch_GetHeight
 .text.SpriteBatch_SetScale
                0x00000000001095bc       0x10 SpriteBatch.o
                0x00000000001095bc                SpriteBatch_SetScale
 .text.SpriteBatch_GetScale
                0x00000000001095cc       0x10 SpriteBatch.o
                0x00000000001095cc                SpriteBatch_GetScale
 .text.SpriteBatch_StartFrame
                0x00000000001095dc       0x10 SpriteBatch.o
                0x00000000001095dc                SpriteBatch_StartFrame
 *fill*         0x00000000001095ec        0x4 
 .text.SpriteBatch_Render
                0x00000000001095f0      0x3a8 SpriteBatch.o
                0x00000000001095f0                SpriteBatch_Render
 .text.delete_folder
                0x0000000000109998       0xf4 WorldSelect.o
 .text.WorldSelect_ScanWorlds
                0x0000000000109a8c      0x13c WorldSelect.o
                0x0000000000109a8c                WorldSelect_ScanWorlds
 .text.WorldSelect_Init
                0x0000000000109bc8       0x1c WorldSelect.o
                0x0000000000109bc8                WorldSelect_Init
 .text.WorldSelect_Deinit
                0x0000000000109be4       0x28 WorldSelect.o
                0x0000000000109be4                WorldSelect_Deinit
 .text.WorldSelect_Render
                0x0000000000109c0c      0x5a0 WorldSelect.o
                0x0000000000109c0c                WorldSelect_Render
 .text.WorldSelect_Update
                0x000000000010a1ac      0x2b0 WorldSelect.o
                0x000000000010a1ac                WorldSelect_Update
 .text.Chunk_GenerateHeightmap
                0x000000000010a45c      0x174 Chunk.o
                0x000000000010a45c                Chunk_GenerateHeightmap
 .text.Cluster_IsEmpty
                0x000000000010a5d0       0x5c Chunk.o
                0x000000000010a5d0                Cluster_IsEmpty
 .text.ChunkWorker_Mainloop
                0x000000000010a62c      0x244 ChunkWorker.o
                0x000000000010a62c                ChunkWorker_Mainloop
 .text.ChunkWorker_Init
                0x000000000010a870       0xf0 ChunkWorker.o
                0x000000000010a870                ChunkWorker_Init
 .text.ChunkWorker_Deinit
                0x000000000010a960       0x7c ChunkWorker.o
                0x000000000010a960                ChunkWorker_Deinit
 .text.ChunkWorker_Finish
                0x000000000010a9dc       0x44 ChunkWorker.o
                0x000000000010a9dc                ChunkWorker_Finish
 .text.ChunkWorker_AddHandler
                0x000000000010aa20       0x74 ChunkWorker.o
                0x000000000010aa20                ChunkWorker_AddHandler
 .text.ChunkWorker_SetHandlerActive
                0x000000000010aa94       0x48 ChunkWorker.o
                0x000000000010aa94                ChunkWorker_SetHandlerActive
 *fill*         0x000000000010aadc        0x4 
 .text.World_Reset
                0x000000000010aae0       0xbc World.o
                0x000000000010aae0                World_Reset
 *fill*         0x000000000010ab9c        0x4 
 .text.World_Init
                0x000000000010aba0       0x78 World.o
                0x000000000010aba0                World_Init
 .text.World_LoadChunk
                0x000000000010ac18      0x244 World.o
                0x000000000010ac18                World_LoadChunk
 .text.World_UnloadChunk
                0x000000000010ae5c      0x10c World.o
                0x000000000010ae5c                World_UnloadChunk
 .text.World_GetChunk
                0x000000000010af68       0x6c World.o
                0x000000000010af68                World_GetChunk
 .text.World_GetBlock
                0x000000000010afd4       0xe8 World.o
                0x000000000010afd4                World_GetBlock
 .text.World_SetBlock
                0x000000000010b0bc      0x21c World.o
                0x000000000010b0bc                World_SetBlock
 .text.World_SetBlockAndMeta
                0x000000000010b2d8      0x228 World.o
                0x000000000010b2d8                World_SetBlockAndMeta
 .text.World_GetMetadata
                0x000000000010b500       0xf4 World.o
                0x000000000010b500                World_GetMetadata
 .text.World_GetHeight
                0x000000000010b5f4       0xcc World.o
                0x000000000010b5f4                World_GetHeight
 .text.World_UpdateChunkCache
                0x000000000010b6c0      0x1ac World.o
                0x000000000010b6c0                World_UpdateChunkCache
 .text.World_Tick
                0x000000000010b86c      0x394 World.o
                0x000000000010b86c                World_Tick
 .text.fetchSuperChunk
                0x000000000010bc00       0xb8 SaveManager.o
 .text.SaveManager_InitFileSystem
                0x000000000010bcb8       0x30 SaveManager.o
                0x000000000010bcb8                SaveManager_InitFileSystem
 .text.SaveManager_Init
                0x000000000010bce8       0x1c SaveManager.o
                0x000000000010bce8                SaveManager_Init
 .text.SaveManager_Deinit
                0x000000000010bd04       0x28 SaveManager.o
                0x000000000010bd04                SaveManager_Deinit
 .text.SaveManager_Load
                0x000000000010bd2c      0x65c SaveManager.o
                0x000000000010bd2c                SaveManager_Load
 .text.SaveManager_Unload
                0x000000000010c388      0x1d8 SaveManager.o
                0x000000000010c388                SaveManager_Unload
 .text.SaveManager_LoadChunk
                0x000000000010c560       0x64 SaveManager.o
                0x000000000010c560                SaveManager_LoadChunk
 .text.SaveManager_SaveChunk
                0x000000000010c5c4       0x64 SaveManager.o
                0x000000000010c5c4                SaveManager_SaveChunk
 .text.SuperChunk_InitPools
                0x000000000010c628       0x44 SuperChunk.o
                0x000000000010c628                SuperChunk_InitPools
 .text.SuperChunk_DeinitPools
                0x000000000010c66c       0x28 SuperChunk.o
                0x000000000010c66c                SuperChunk_DeinitPools
 .text.SuperChunk_Init
                0x000000000010c694      0x5a8 SuperChunk.o
                0x000000000010c694                SuperChunk_Init
 .text.SuperChunk_SaveIndex
                0x000000000010cc3c      0x170 SuperChunk.o
                0x000000000010cc3c                SuperChunk_SaveIndex
 .text.SuperChunk_Deinit
                0x000000000010cdac       0x30 SuperChunk.o
                0x000000000010cdac                SuperChunk_Deinit
 .text.SuperChunk_SaveChunk
                0x000000000010cddc      0x440 SuperChunk.o
                0x000000000010cddc                SuperChunk_SaveChunk
 .text.SuperChunk_LoadChunk
                0x000000000010d21c      0x4d8 SuperChunk.o
                0x000000000010d21c                SuperChunk_LoadChunk
 .text.Player_Init
                0x000000000010d6f4      0x1b0 Player.o
                0x000000000010d6f4                Player_Init
 .text.Player_Update
                0x000000000010d8a4       0xb8 Player.o
                0x000000000010d8a4                Player_Update
 .text.Player_Jump
                0x000000000010d95c       0x54 Player.o
                0x000000000010d95c                Player_Jump
 .text.Player_Move
                0x000000000010d9b0      0x724 Player.o
                0x000000000010d9b0                Player_Move
 .text.Player_PlaceBlock
                0x000000000010e0d4      0x15c Player.o
                0x000000000010e0d4                Player_PlaceBlock
 .text.Player_BreakBlock
                0x000000000010e230       0x6c Player.o
                0x000000000010e230                Player_BreakBlock
 .text.PlayerController_Init
                0x000000000010e29c      0x928 PlayerController.o
                0x000000000010e29c                PlayerController_Init
 *fill*         0x000000000010ebc4        0x4 
 .text.PlayerController_Update
                0x000000000010ebc8      0x8f4 PlayerController.o
                0x000000000010ebc8                PlayerController_Update
 .text.mpack_utf8_check_impl
                0x000000000010f4bc      0x1bc mpack.o
 .text.mpack_file_tree_teardown
                0x000000000010f678       0x1c mpack.o
 .text.mpack_tree_flag_error.part.0
                0x000000000010f694       0x14 mpack.o
 .text.mpack_file_writer_flush
                0x000000000010f6a8       0x50 mpack.o
 .text.mpack_file_writer_teardown
                0x000000000010f6f8       0x64 mpack.o
 .text.mpack_writer_ensure
                0x000000000010f75c       0xa4 mpack.o
 .text.mpack_write_u64.part.0
                0x000000000010f800      0x17c mpack.o
 .text.mpack_write_native_straddle
                0x000000000010f97c       0xb0 mpack.o
 .text.mpack_tree_parse_bytes
                0x000000000010fa2c       0x54 mpack.o
 .text.mpack_node_map_str_impl
                0x000000000010fa80       0xf0 mpack.o
 .text.mpack_tree_parse_children
                0x000000000010fb70      0x240 mpack.o
 .text.mpack_tree_parse.part.0.constprop.0
                0x000000000010fdb0      0xacc mpack.o
 .text.mpack_writer_init
                0x000000000011087c       0x28 mpack.o
                0x000000000011087c                mpack_writer_init
 .text.mpack_writer_init_file
                0x00000000001108a4       0xc8 mpack.o
                0x00000000001108a4                mpack_writer_init_file
 .text.mpack_writer_destroy
                0x000000000011096c       0x60 mpack.o
                0x000000000011096c                mpack_writer_destroy
 .text.mpack_write_bool
                0x00000000001109cc       0x48 mpack.o
                0x00000000001109cc                mpack_write_bool
 .text.mpack_write_u8
                0x0000000000110a14       0x98 mpack.o
                0x0000000000110a14                mpack_write_u8
 .text.mpack_write_u32
                0x0000000000110aac      0x154 mpack.o
                0x0000000000110aac                mpack_write_u32
 .text.mpack_write_u64
                0x0000000000110c00       0x58 mpack.o
                0x0000000000110c00                mpack_write_u64
 .text.mpack_write_i64
                0x0000000000110c58      0x2b4 mpack.o
                0x0000000000110c58                mpack_write_i64
 .text.mpack_write_float
                0x0000000000110f0c       0x80 mpack.o
                0x0000000000110f0c                mpack_write_float
 .text.mpack_start_array
                0x0000000000110f8c      0x114 mpack.o
                0x0000000000110f8c                mpack_start_array
 .text.mpack_start_map
                0x00000000001110a0      0x110 mpack.o
                0x00000000001110a0                mpack_start_map
 .text.mpack_start_str
                0x00000000001111b0      0x160 mpack.o
                0x00000000001111b0                mpack_start_str
 .text.mpack_start_bin
                0x0000000000111310      0x118 mpack.o
                0x0000000000111310                mpack_start_bin
 .text.mpack_write_bin
                0x0000000000111428       0x64 mpack.o
                0x0000000000111428                mpack_write_bin
 .text.mpack_write_cstr
                0x000000000011148c       0x70 mpack.o
                0x000000000011148c                mpack_write_cstr
 .text.mpack_tree_root
                0x00000000001114fc       0x1c mpack.o
                0x00000000001114fc                mpack_tree_root
 .text.mpack_tree_init
                0x0000000000111518       0x84 mpack.o
                0x0000000000111518                mpack_tree_init
 .text.mpack_tree_init_pool
                0x000000000011159c       0x70 mpack.o
                0x000000000011159c                mpack_tree_init_pool
 .text.mpack_tree_init_file
                0x000000000011160c      0x28c mpack.o
                0x000000000011160c                mpack_tree_init_file
 .text.mpack_tree_destroy
                0x0000000000111898       0x4c mpack.o
                0x0000000000111898                mpack_tree_destroy
 .text.mpack_node_flag_error
                0x00000000001118e4       0x40 mpack.o
                0x00000000001118e4                mpack_node_flag_error
 .text.mpack_node_copy_utf8_cstr
                0x0000000000111924       0xf8 mpack.o
                0x0000000000111924                mpack_node_copy_utf8_cstr
 .text.mpack_node_map_cstr
                0x0000000000111a1c       0x94 mpack.o
                0x0000000000111a1c                mpack_node_map_cstr
 .text.mpack_node_map_cstr_optional
                0x0000000000111ab0       0x54 mpack.o
                0x0000000000111ab0                mpack_node_map_cstr_optional
 .text.vec_expand_
                0x0000000000111b04       0x60 vec.o
                0x0000000000111b04                vec_expand_
 .text.vec_reserve_po2_
                0x0000000000111b64       0x70 vec.o
                0x0000000000111b64                vec_reserve_po2_
 .text.vec_splice_
                0x0000000000111bd4       0x34 vec.o
                0x0000000000111bd4                vec_splice_
 .text.sino_init
                0x0000000000111c08       0x88 sino.o
                0x0000000000111c08                sino_init
 .text.sino_exit
                0x0000000000111c90       0x2c sino.o
                0x0000000000111c90                sino_exit
 *fill*         0x0000000000111cbc        0x4 
 .text.sino_2d  0x0000000000111cc0      0x2b4 sino.o
                0x0000000000111cc0                sino_2d
 .text.huffmanDecodeSymbol
                0x0000000000111f74       0x60 lodepng.o
 .text.checkColorValidity
                0x0000000000111fd4       0x90 lodepng.o
 .text.addColorBits
                0x0000000000112064       0x4c lodepng.o
 .text.color_tree_get
                0x00000000001120b0       0x60 lodepng.o
 .text.getPixelColorRGBA16
                0x0000000000112110      0x1b0 lodepng.o
 .text.Adam7_getpassvalues
                0x00000000001122c0      0x1a4 lodepng.o
 .text.color_tree_add
                0x0000000000112464       0xa0 lodepng.o
 .text.LodePNGText_cleanup
                0x0000000000112504       0x60 lodepng.o
 .text.LodePNGIText_cleanup
                0x0000000000112564       0x90 lodepng.o
 .text.lodepng_color_mode_equal
                0x00000000001125f4       0xc8 lodepng.o
 .text.unfilter
                0x00000000001126bc      0x3c0 lodepng.o
 .text.removePaddingBits
                0x0000000000112a7c       0xc4 lodepng.o
 .text.string_set
                0x0000000000112b40       0x7c lodepng.o
 .text.ucvector_push_back.isra.0
                0x0000000000112bbc       0x58 lodepng.o
 .text.color_tree_cleanup
                0x0000000000112c14      0x1e8 lodepng.o
 .text.getPixelColorsRGBA8
                0x0000000000112dfc      0x530 lodepng.o
 .text.HuffmanTree_makeFromLengths2
                0x000000000011332c      0x378 lodepng.o
 .text.generateFixedDistanceTree.constprop.0.isra.0
                0x00000000001136a4       0x74 lodepng.o
 .text.generateFixedLitLenTree.constprop.0.isra.0
                0x0000000000113718       0xbc lodepng.o
 .text.getPixelColorRGBA8
                0x00000000001137d4      0x388 lodepng.o
 .text.lodepng_inflatev.constprop.0
                0x0000000000113b5c      0xbf8 lodepng.o
 .text.lodepng_load_file
                0x0000000000114754       0xe4 lodepng.o
                0x0000000000114754                lodepng_load_file
 .text.lodepng_zlib_decompress
                0x0000000000114838      0x1ac lodepng.o
                0x0000000000114838                lodepng_zlib_decompress
 .text.lodepng_chunk_check_crc
                0x00000000001149e4       0x74 lodepng.o
                0x00000000001149e4                lodepng_chunk_check_crc
 .text.lodepng_chunk_append
                0x0000000000114a58       0x98 lodepng.o
                0x0000000000114a58                lodepng_chunk_append
 .text.lodepng_color_mode_copy
                0x0000000000114af0       0xb8 lodepng.o
                0x0000000000114af0                lodepng_color_mode_copy
 .text.lodepng_add_text
                0x0000000000114ba8       0xec lodepng.o
                0x0000000000114ba8                lodepng_add_text
 .text.lodepng_add_itext
                0x0000000000114c94      0x1bc lodepng.o
                0x0000000000114c94                lodepng_add_itext
 .text.lodepng_info_init
                0x0000000000114e50       0x88 lodepng.o
                0x0000000000114e50                lodepng_info_init
 .text.lodepng_convert
                0x0000000000114ed8      0x59c lodepng.o
                0x0000000000114ed8                lodepng_convert
 .text.lodepng_inspect
                0x0000000000115474      0x214 lodepng.o
                0x0000000000115474                lodepng_inspect
 .text.lodepng_decode
                0x0000000000115688     0x1a74 lodepng.o
                0x0000000000115688                lodepng_decode
 .text.lodepng_state_init
                0x00000000001170fc       0xb8 lodepng.o
                0x00000000001170fc                lodepng_state_init
 .text.lodepng_decode_memory
                0x00000000001171b4       0xac lodepng.o
                0x00000000001171b4                lodepng_decode_memory
 .text.lodepng_decode32_file
                0x0000000000117260       0x80 lodepng.o
                0x0000000000117260                lodepng_decode32_file
 .text.miniz_def_free_func
                0x00000000001172e0        0x8 miniz.o
                0x00000000001172e0                miniz_def_free_func
 .text.miniz_def_alloc_func
                0x00000000001172e8        0x8 miniz.o
                0x00000000001172e8                miniz_def_alloc_func
 .text.tdefl_optimize_huffman_table
                0x00000000001172f0      0x6fc miniz.o
 .text.tdefl_flush_output_buffer
                0x00000000001179ec       0xac miniz.o
 .text.tdefl_start_dynamic_block
                0x0000000000117a98      0x90c miniz.o
 .text.tdefl_compress_block
                0x00000000001183a4      0x590 miniz.o
 .text.tdefl_flush_block
                0x0000000000118934      0x80c miniz.o
 .text.mz_adler32
                0x0000000000119140      0x164 miniz.o
                0x0000000000119140                mz_adler32
 .text.tdefl_compress
                0x00000000001192a4      0xee8 miniz.o
                0x00000000001192a4                tdefl_compress
 .text.mz_deflate
                0x000000000011a18c      0x184 miniz.o
                0x000000000011a18c                mz_deflate
 .text.tdefl_init
                0x000000000011a310      0x14c miniz.o
                0x000000000011a310                tdefl_init
 .text.mz_compress2
                0x000000000011a45c      0x168 miniz.o
                0x000000000011a45c                mz_compress2
 .text.mz_compress
                0x000000000011a5c4       0x1c miniz.o
                0x000000000011a5c4                mz_compress
 .text.tinfl_decompress
                0x000000000011a5e0     0x1e5c miniz.o
                0x000000000011a5e0                tinfl_decompress
 .text.mz_inflate
                0x000000000011c43c      0x3a8 miniz.o
                0x000000000011c43c                mz_inflate
 .text.mz_uncompress
                0x000000000011c7e4      0x128 miniz.o
                0x000000000011c7e4                mz_uncompress
 .text.strcmpci
                0x000000000011c90c       0x54 ini.o
 .text.ini_load
                0x000000000011c960      0x450 ini.o
                0x000000000011c960                ini_load
 .text.ini_free
                0x000000000011cdb0       0x1c ini.o
                0x000000000011cdb0                ini_free
 .text.ini_get  0x000000000011cdcc      0x134 ini.o
                0x000000000011cdcc                ini_get
 .text.ini_sget
                0x000000000011cf00       0x48 ini.o
                0x000000000011cf00                ini_sget
 .text.C3Di_LightEnvUpdate
                0x000000000011cf48        0x4 /opt/devkitPro//libctru/lib/libcitro3d.a(base.o)
                0x000000000011cf48                C3Di_LightEnvUpdate
 .text.C3Di_LightEnvDirty
                0x000000000011cf4c        0x4 /opt/devkitPro//libctru/lib/libcitro3d.a(base.o)
                0x000000000011cf4c                C3Di_LightEnvDirty
 .text.C3Di_ProcTexUpdate
                0x000000000011cf50        0x4 /opt/devkitPro//libctru/lib/libcitro3d.a(base.o)
                0x000000000011cf50                C3Di_ProcTexUpdate
 .text.C3Di_ProcTexDirty
                0x000000000011cf54        0x4 /opt/devkitPro//libctru/lib/libcitro3d.a(base.o)
                0x000000000011cf54                C3Di_ProcTexDirty
 .text.C3Di_AptEventHook
                0x000000000011cf58       0xb4 /opt/devkitPro//libctru/lib/libcitro3d.a(base.o)
 .text.C3Di_GasUpdate
                0x000000000011d00c        0x4 /opt/devkitPro//libctru/lib/libcitro3d.a(base.o)
                0x000000000011d00c                C3Di_GasUpdate
 .text.C3D_Init
                0x000000000011d010      0x1e0 /opt/devkitPro//libctru/lib/libcitro3d.a(base.o)
                0x000000000011d010                C3D_Init
 .text.C3D_SetViewport
                0x000000000011d1f0       0x98 /opt/devkitPro//libctru/lib/libcitro3d.a(base.o)
                0x000000000011d1f0                C3D_SetViewport
 .text.C3Di_UpdateContext
                0x000000000011d288      0x4e8 /opt/devkitPro//libctru/lib/libcitro3d.a(base.o)
                0x000000000011d288                C3Di_UpdateContext
 .text.C3Di_SplitFrame
                0x000000000011d770       0xe0 /opt/devkitPro//libctru/lib/libcitro3d.a(base.o)
                0x000000000011d770                C3Di_SplitFrame
 .text.C3D_GetCmdBufUsage
                0x000000000011d850       0x10 /opt/devkitPro//libctru/lib/libcitro3d.a(base.o)
                0x000000000011d850                C3D_GetCmdBufUsage
 .text.C3D_Fini
                0x000000000011d860       0x44 /opt/devkitPro//libctru/lib/libcitro3d.a(base.o)
                0x000000000011d860                C3D_Fini
 .text.C3D_BindProgram
                0x000000000011d8a4      0x114 /opt/devkitPro//libctru/lib/libcitro3d.a(base.o)
                0x000000000011d8a4                C3D_BindProgram
 .text.onVBlank0
                0x000000000011d9b8       0x4c /opt/devkitPro//libctru/lib/libcitro3d.a(renderqueue.o)
 .text.onVBlank1
                0x000000000011da04       0x4c /opt/devkitPro//libctru/lib/libcitro3d.a(renderqueue.o)
 .text.C3Di_RenderTargetDestroy
                0x000000000011da50       0x80 /opt/devkitPro//libctru/lib/libcitro3d.a(renderqueue.o)
 .text.onQueueFinish
                0x000000000011dad0       0xf4 /opt/devkitPro//libctru/lib/libcitro3d.a(renderqueue.o)
 .text.C3Di_RenderQueueEnableVBlank
                0x000000000011dbc4       0x38 /opt/devkitPro//libctru/lib/libcitro3d.a(renderqueue.o)
                0x000000000011dbc4                C3Di_RenderQueueEnableVBlank
 .text.C3Di_RenderQueueDisableVBlank
                0x000000000011dbfc       0x30 /opt/devkitPro//libctru/lib/libcitro3d.a(renderqueue.o)
                0x000000000011dbfc                C3Di_RenderQueueDisableVBlank
 .text.C3Di_RenderQueueInit
                0x000000000011dc2c       0x60 /opt/devkitPro//libctru/lib/libcitro3d.a(renderqueue.o)
                0x000000000011dc2c                C3Di_RenderQueueInit
 .text.C3Di_RenderQueueExit
                0x000000000011dc8c       0xb0 /opt/devkitPro//libctru/lib/libcitro3d.a(renderqueue.o)
                0x000000000011dc8c                C3Di_RenderQueueExit
 .text.C3Di_RenderQueueWaitDone
                0x000000000011dd3c       0x34 /opt/devkitPro//libctru/lib/libcitro3d.a(renderqueue.o)
                0x000000000011dd3c                C3Di_RenderQueueWaitDone
 .text.C3D_FrameBegin
                0x000000000011dd70       0xe4 /opt/devkitPro//libctru/lib/libcitro3d.a(renderqueue.o)
                0x000000000011dd70                C3D_FrameBegin
 .text.C3D_FrameDrawOn
                0x000000000011de54       0x48 /opt/devkitPro//libctru/lib/libcitro3d.a(renderqueue.o)
                0x000000000011de54                C3D_FrameDrawOn
 .text.C3D_FrameEnd
                0x000000000011de9c      0x1d8 /opt/devkitPro//libctru/lib/libcitro3d.a(renderqueue.o)
                0x000000000011de9c                C3D_FrameEnd
 .text.C3D_GetDrawingTime
                0x000000000011e074       0x18 /opt/devkitPro//libctru/lib/libcitro3d.a(renderqueue.o)
                0x000000000011e074                C3D_GetDrawingTime
 .text.C3D_GetProcessingTime
                0x000000000011e08c       0x18 /opt/devkitPro//libctru/lib/libcitro3d.a(renderqueue.o)
                0x000000000011e08c                C3D_GetProcessingTime
 .text.C3D_RenderTargetCreate
                0x000000000011e0a4      0x184 /opt/devkitPro//libctru/lib/libcitro3d.a(renderqueue.o)
                0x000000000011e0a4                C3D_RenderTargetCreate
 .text.C3D_RenderTargetSetOutput
                0x000000000011e228       0xa8 /opt/devkitPro//libctru/lib/libcitro3d.a(renderqueue.o)
                0x000000000011e228                C3D_RenderTargetSetOutput
 .text.C3D_SyncDisplayTransfer
                0x000000000011e2d0       0xf0 /opt/devkitPro//libctru/lib/libcitro3d.a(renderqueue.o)
                0x000000000011e2d0                C3D_SyncDisplayTransfer
 .text.C3D_SyncTextureCopy
                0x000000000011e3c0       0xfc /opt/devkitPro//libctru/lib/libcitro3d.a(renderqueue.o)
                0x000000000011e3c0                C3D_SyncTextureCopy
 .text.C3D_TexInitWithParams
                0x000000000011e4bc      0x294 /opt/devkitPro//libctru/lib/libcitro3d.a(texture.o)
                0x000000000011e4bc                C3D_TexInitWithParams
 .text.C3D_TexLoadImage
                0x000000000011e750       0xc8 /opt/devkitPro//libctru/lib/libcitro3d.a(texture.o)
                0x000000000011e750                C3D_TexLoadImage
 .text.C3D_TexBind
                0x000000000011e818       0x44 /opt/devkitPro//libctru/lib/libcitro3d.a(texture.o)
                0x000000000011e818                C3D_TexBind
 .text.C3D_TexDelete
                0x000000000011e85c       0x74 /opt/devkitPro//libctru/lib/libcitro3d.a(texture.o)
                0x000000000011e85c                C3D_TexDelete
 .text.C3Di_SetTex
                0x000000000011e8d0      0x16c /opt/devkitPro//libctru/lib/libcitro3d.a(texture.o)
                0x000000000011e8d0                C3Di_SetTex
 .text.C3D_CalcColorBufSize
                0x000000000011ea3c       0x1c /opt/devkitPro//libctru/lib/libcitro3d.a(framebuffer.o)
                0x000000000011ea3c                C3D_CalcColorBufSize
 .text.C3D_CalcDepthBufSize
                0x000000000011ea58       0x1c /opt/devkitPro//libctru/lib/libcitro3d.a(framebuffer.o)
                0x000000000011ea58                C3D_CalcDepthBufSize
 .text.C3D_SetFrameBuf
                0x000000000011ea74       0x44 /opt/devkitPro//libctru/lib/libcitro3d.a(framebuffer.o)
                0x000000000011ea74                C3D_SetFrameBuf
 .text.C3Di_FrameBufBind
                0x000000000011eab8      0x16c /opt/devkitPro//libctru/lib/libcitro3d.a(framebuffer.o)
                0x000000000011eab8                C3Di_FrameBufBind
 .text.C3D_FrameBufClear
                0x000000000011ec24       0xc8 /opt/devkitPro//libctru/lib/libcitro3d.a(framebuffer.o)
                0x000000000011ec24                C3D_FrameBufClear
 .text.C3D_FrameBufTransfer
                0x000000000011ecec       0x44 /opt/devkitPro//libctru/lib/libcitro3d.a(framebuffer.o)
                0x000000000011ecec                C3D_FrameBufTransfer
 .text.FogLut_FromArray
                0x000000000011ed30       0xb8 /opt/devkitPro//libctru/lib/libcitro3d.a(fog.o)
                0x000000000011ed30                FogLut_FromArray
 .text.C3D_FogGasMode
                0x000000000011ede8       0x4c /opt/devkitPro//libctru/lib/libcitro3d.a(fog.o)
                0x000000000011ede8                C3D_FogGasMode
 .text.C3D_FogColor
                0x000000000011ee34       0x20 /opt/devkitPro//libctru/lib/libcitro3d.a(fog.o)
                0x000000000011ee34                C3D_FogColor
 .text.C3D_FogLutBind
                0x000000000011ee54       0x30 /opt/devkitPro//libctru/lib/libcitro3d.a(fog.o)
                0x000000000011ee54                C3D_FogLutBind
 .text.C3D_GetTexEnv
                0x000000000011ee84       0x34 /opt/devkitPro//libctru/lib/libcitro3d.a(texenv.o)
                0x000000000011ee84                C3D_GetTexEnv
 .text.C3Di_TexEnvBind
                0x000000000011eeb8       0x24 /opt/devkitPro//libctru/lib/libcitro3d.a(texenv.o)
                0x000000000011eeb8                C3Di_TexEnvBind
 .text.BufInfo_Init
                0x000000000011eedc       0x24 /opt/devkitPro//libctru/lib/libcitro3d.a(buffers.o)
                0x000000000011eedc                BufInfo_Init
 .text.BufInfo_Add
                0x000000000011ef00       0x80 /opt/devkitPro//libctru/lib/libcitro3d.a(buffers.o)
                0x000000000011ef00                BufInfo_Add
 .text.C3D_GetBufInfo
                0x000000000011ef80       0x20 /opt/devkitPro//libctru/lib/libcitro3d.a(buffers.o)
                0x000000000011ef80                C3D_GetBufInfo
 .text.C3D_SetBufInfo
                0x000000000011efa0       0x40 /opt/devkitPro//libctru/lib/libcitro3d.a(buffers.o)
                0x000000000011efa0                C3D_SetBufInfo
 .text.C3Di_BufInfoBind
                0x000000000011efe0       0x48 /opt/devkitPro//libctru/lib/libcitro3d.a(buffers.o)
                0x000000000011efe0                C3Di_BufInfoBind
 .text.C3D_DrawArrays
                0x000000000011f028      0x148 /opt/devkitPro//libctru/lib/libcitro3d.a(drawArrays.o)
                0x000000000011f028                C3D_DrawArrays
 .text.C3D_DepthMap
                0x000000000011f170       0x40 /opt/devkitPro//libctru/lib/libcitro3d.a(effect.o)
                0x000000000011f170                C3D_DepthMap
 .text.C3D_CullFace
                0x000000000011f1b0       0x1c /opt/devkitPro//libctru/lib/libcitro3d.a(effect.o)
                0x000000000011f1b0                C3D_CullFace
 .text.C3D_StencilTest
                0x000000000011f1cc       0x40 /opt/devkitPro//libctru/lib/libcitro3d.a(effect.o)
                0x000000000011f1cc                C3D_StencilTest
 .text.C3D_StencilOp
                0x000000000011f20c       0x24 /opt/devkitPro//libctru/lib/libcitro3d.a(effect.o)
                0x000000000011f20c                C3D_StencilOp
 .text.C3D_BlendingColor
                0x000000000011f230       0x1c /opt/devkitPro//libctru/lib/libcitro3d.a(effect.o)
                0x000000000011f230                C3D_BlendingColor
 .text.C3D_EarlyDepthTest
                0x000000000011f24c       0x24 /opt/devkitPro//libctru/lib/libcitro3d.a(effect.o)
                0x000000000011f24c                C3D_EarlyDepthTest
 .text.C3D_DepthTest
                0x000000000011f270       0x2c /opt/devkitPro//libctru/lib/libcitro3d.a(effect.o)
                0x000000000011f270                C3D_DepthTest
 .text.C3D_AlphaTest
                0x000000000011f29c       0x2c /opt/devkitPro//libctru/lib/libcitro3d.a(effect.o)
                0x000000000011f29c                C3D_AlphaTest
 .text.C3D_AlphaBlend
                0x000000000011f2c8       0x50 /opt/devkitPro//libctru/lib/libcitro3d.a(effect.o)
                0x000000000011f2c8                C3D_AlphaBlend
 .text.C3D_FragOpMode
                0x000000000011f318       0x30 /opt/devkitPro//libctru/lib/libcitro3d.a(effect.o)
                0x000000000011f318                C3D_FragOpMode
 .text.C3D_FragOpShadow
                0x000000000011f348       0x44 /opt/devkitPro//libctru/lib/libcitro3d.a(effect.o)
                0x000000000011f348                C3D_FragOpShadow
 .text.C3Di_EffectBind
                0x000000000011f38c      0x1ac /opt/devkitPro//libctru/lib/libcitro3d.a(effect.o)
                0x000000000011f38c                C3Di_EffectBind
 .text.AttrInfo_Init
                0x000000000011f538       0x28 /opt/devkitPro//libctru/lib/libcitro3d.a(attribs.o)
                0x000000000011f538                AttrInfo_Init
 .text.AttrInfo_AddLoader
                0x000000000011f560       0x94 /opt/devkitPro//libctru/lib/libcitro3d.a(attribs.o)
                0x000000000011f560                AttrInfo_AddLoader
 .text.C3D_SetAttrInfo
                0x000000000011f5f4       0x54 /opt/devkitPro//libctru/lib/libcitro3d.a(attribs.o)
                0x000000000011f5f4                C3D_SetAttrInfo
 .text.C3Di_AttrInfoBind
                0x000000000011f648       0x80 /opt/devkitPro//libctru/lib/libcitro3d.a(attribs.o)
                0x000000000011f648                C3Di_AttrInfoBind
 .text.C3D_ImmSendAttrib
                0x000000000011f6c8       0xa8 /opt/devkitPro//libctru/lib/libcitro3d.a(immediate.o)
                0x000000000011f6c8                C3D_ImmSendAttrib
 .text.C3D_UpdateUniforms
                0x000000000011f770      0x280 /opt/devkitPro//libctru/lib/libcitro3d.a(uniforms.o)
                0x000000000011f770                C3D_UpdateUniforms
 .text.C3Di_DirtyUniforms
                0x000000000011f9f0       0xc0 /opt/devkitPro//libctru/lib/libcitro3d.a(uniforms.o)
                0x000000000011f9f0                C3Di_DirtyUniforms
 .text.C3Di_LoadShaderUniforms
                0x000000000011fab0       0xd8 /opt/devkitPro//libctru/lib/libcitro3d.a(uniforms.o)
                0x000000000011fab0                C3Di_LoadShaderUniforms
 .text.C3Di_ClearShaderUniforms
                0x000000000011fb88       0x28 /opt/devkitPro//libctru/lib/libcitro3d.a(uniforms.o)
                0x000000000011fb88                C3Di_ClearShaderUniforms
 .text.Mtx_Scale
                0x000000000011fbb0       0x38 /opt/devkitPro//libctru/lib/libcitro3d.a(mtx_scale.o)
                0x000000000011fbb0                Mtx_Scale
 .text.Mtx_Multiply
                0x000000000011fbe8       0xb8 /opt/devkitPro//libctru/lib/libcitro3d.a(mtx_multiply.o)
                0x000000000011fbe8                Mtx_Multiply
 .text.Mtx_RotateX
                0x000000000011fca0       0xa4 /opt/devkitPro//libctru/lib/libcitro3d.a(mtx_rotatex.o)
                0x000000000011fca0                Mtx_RotateX
 .text.Mtx_PerspTilt
                0x000000000011fd44       0x94 /opt/devkitPro//libctru/lib/libcitro3d.a(mtx_persptilt.o)
                0x000000000011fd44                Mtx_PerspTilt
 .text.Mtx_PerspStereoTilt
                0x000000000011fdd8       0xb8 /opt/devkitPro//libctru/lib/libcitro3d.a(mtx_perspstereotilt.o)
                0x000000000011fdd8                Mtx_PerspStereoTilt
 .text.Mtx_OrthoTilt
                0x000000000011fe90       0xcc /opt/devkitPro//libctru/lib/libcitro3d.a(mtx_orthotilt.o)
                0x000000000011fe90                Mtx_OrthoTilt
 .text.Mtx_MultiplyFVec3
                0x000000000011ff5c       0x68 /opt/devkitPro//libctru/lib/libcitro3d.a(mtx_multiplyfvec3.o)
                0x000000000011ff5c                Mtx_MultiplyFVec3
 .text.Mtx_Translate
                0x000000000011ffc4       0xa0 /opt/devkitPro//libctru/lib/libcitro3d.a(mtx_translate.o)
                0x000000000011ffc4                Mtx_Translate
 .text.Mtx_RotateZ
                0x0000000000120064       0xa0 /opt/devkitPro//libctru/lib/libcitro3d.a(mtx_rotatez.o)
                0x0000000000120064                Mtx_RotateZ
 .text.Mtx_RotateY
                0x0000000000120104       0xa0 /opt/devkitPro//libctru/lib/libcitro3d.a(mtx_rotatey.o)
                0x0000000000120104                Mtx_RotateY
 .text._ZL21addrMapNodeComparatorPK11rbtree_nodeS1_
                0x00000000001201a4       0x24 /opt/devkitPro//libctru/lib/libctru.a(vram.o)
 .text._ZL21addrMapNodeDestructorP11rbtree_node
                0x00000000001201c8        0x4 /opt/devkitPro//libctru/lib/libctru.a(vram.o)
 .text.vramMemAlignAt
                0x00000000001201cc      0x250 /opt/devkitPro//libctru/lib/libctru.a(vram.o)
                0x00000000001201cc                vramMemAlignAt
 .text.vramAlloc
                0x000000000012041c        0xc /opt/devkitPro//libctru/lib/libctru.a(vram.o)
                0x000000000012041c                vramAlloc
 .text.vramAllocAt
                0x0000000000120428        0xc /opt/devkitPro//libctru/lib/libctru.a(vram.o)
                0x0000000000120428                vramAllocAt
 .text.vramFree
                0x0000000000120434       0x90 /opt/devkitPro//libctru/lib/libctru.a(vram.o)
                0x0000000000120434                vramFree
 .text._ZL21addrMapNodeComparatorPK11rbtree_nodeS1_
                0x00000000001204c4       0x24 /opt/devkitPro//libctru/lib/libctru.a(linear.o)
 .text._ZL21addrMapNodeDestructorP11rbtree_node
                0x00000000001204e8        0x4 /opt/devkitPro//libctru/lib/libctru.a(linear.o)
 .text.linearMemAlign
                0x00000000001204ec      0x120 /opt/devkitPro//libctru/lib/libctru.a(linear.o)
                0x00000000001204ec                linearMemAlign
 .text.linearAlloc
                0x000000000012060c        0x8 /opt/devkitPro//libctru/lib/libctru.a(linear.o)
                0x000000000012060c                linearAlloc
 .text.linearFree
                0x0000000000120614       0x5c /opt/devkitPro//libctru/lib/libctru.a(linear.o)
                0x0000000000120614                linearFree
 .text.linearSpaceFree
                0x0000000000120670        0xc /opt/devkitPro//libctru/lib/libctru.a(linear.o)
                0x0000000000120670                linearSpaceFree
 .text._ZN7MemPool13CoalesceRightEP8MemBlock
                0x000000000012067c       0x80 /opt/devkitPro//libctru/lib/libctru.a(mem_pool.o)
                0x000000000012067c                MemPool::CoalesceRight(MemBlock*)
 .text._ZN7MemPool8AllocateER8MemChunkmi
                0x00000000001206fc      0x16c /opt/devkitPro//libctru/lib/libctru.a(mem_pool.o)
                0x00000000001206fc                MemPool::Allocate(MemChunk&, unsigned long, int)
 .text._ZN7MemPool10DeallocateERK8MemChunk
                0x0000000000120868       0xfc /opt/devkitPro//libctru/lib/libctru.a(mem_pool.o)
                0x0000000000120868                MemPool::Deallocate(MemChunk const&)
 .text._ZN7MemPool12GetFreeSpaceEv
                0x0000000000120964       0x30 /opt/devkitPro//libctru/lib/libctru.a(mem_pool.o)
                0x0000000000120964                MemPool::GetFreeSpace()
 .text.romfs_close
                0x0000000000120994        0x8 /opt/devkitPro//libctru/lib/libctru.a(romfs_dev.o)
 .text.romfs_seek
                0x000000000012099c       0xc0 /opt/devkitPro//libctru/lib/libctru.a(romfs_dev.o)
 .text.romfs_dirreset
                0x0000000000120a5c       0x24 /opt/devkitPro//libctru/lib/libctru.a(romfs_dev.o)
 .text.fill_dir
                0x0000000000120a80       0xc8 /opt/devkitPro//libctru/lib/libctru.a(romfs_dev.o)
 .text.romfs_dirnext
                0x0000000000120b48      0x28c /opt/devkitPro//libctru/lib/libctru.a(romfs_dev.o)
 .text.romfs_free
                0x0000000000120dd4       0x84 /opt/devkitPro//libctru/lib/libctru.a(romfs_dev.o)
 .text.searchForFile.constprop.0
                0x0000000000120e58       0xd4 /opt/devkitPro//libctru/lib/libctru.a(romfs_dev.o)
 .text.searchForDir.constprop.0
                0x0000000000120f2c       0xd8 /opt/devkitPro//libctru/lib/libctru.a(romfs_dev.o)
 .text.navigateToDir.constprop.0
                0x0000000000121004      0x1c0 /opt/devkitPro//libctru/lib/libctru.a(romfs_dev.o)
 .text.romfs_open
                0x00000000001211c4      0x10c /opt/devkitPro//libctru/lib/libctru.a(romfs_dev.o)
 .text.romfs_chdir
                0x00000000001212d0       0x4c /opt/devkitPro//libctru/lib/libctru.a(romfs_dev.o)
 .text.romfs_diropen
                0x000000000012131c       0x70 /opt/devkitPro//libctru/lib/libctru.a(romfs_dev.o)
 .text.romfs_stat
                0x000000000012138c      0x174 /opt/devkitPro//libctru/lib/libctru.a(romfs_dev.o)
 .text.romfs_dirclose
                0x0000000000121500        0x8 /opt/devkitPro//libctru/lib/libctru.a(romfs_dev.o)
 .text.romfs_fstat
                0x0000000000121508       0x84 /opt/devkitPro//libctru/lib/libctru.a(romfs_dev.o)
 .text.romfs_read
                0x000000000012158c       0xd0 /opt/devkitPro//libctru/lib/libctru.a(romfs_dev.o)
 .text.romfsMountFromFile
                0x000000000012165c      0x28c /opt/devkitPro//libctru/lib/libctru.a(romfs_dev.o)
                0x000000000012165c                romfsMountFromFile
 .text.romfsMountFromCurrentProcess
                0x00000000001218e8       0x98 /opt/devkitPro//libctru/lib/libctru.a(romfs_dev.o)
                0x00000000001218e8                romfsMountFromCurrentProcess
 .text.romfsMountSelf
                0x0000000000121980      0x260 /opt/devkitPro//libctru/lib/libctru.a(romfs_dev.o)
                0x0000000000121980                romfsMountSelf
 .text.romfsUnmount
                0x0000000000121be0       0xa0 /opt/devkitPro//libctru/lib/libctru.a(romfs_dev.o)
                0x0000000000121be0                romfsUnmount
 .text.__sync_init
                0x0000000000121c80        0xc /opt/devkitPro//libctru/lib/libctru.a(synchronization.o)
                0x0000000000121c80                __sync_init
 .text.__sync_fini
                0x0000000000121c8c       0x18 /opt/devkitPro//libctru/lib/libctru.a(synchronization.o)
                0x0000000000121c8c                __sync_fini
 .text.syncArbitrateAddress
                0x0000000000121ca4       0x2c /opt/devkitPro//libctru/lib/libctru.a(synchronization.o)
                0x0000000000121ca4                syncArbitrateAddress
 .text.LightLock_Init
                0x0000000000121cd0       0x1c /opt/devkitPro//libctru/lib/libctru.a(synchronization.o)
                0x0000000000121cd0                LightLock_Init
 .text.LightLock_Lock
                0x0000000000121cec       0xb0 /opt/devkitPro//libctru/lib/libctru.a(synchronization.o)
                0x0000000000121cec                LightLock_Lock
 .text.LightLock_TryLock
                0x0000000000121d9c       0x44 /opt/devkitPro//libctru/lib/libctru.a(synchronization.o)
                0x0000000000121d9c                LightLock_TryLock
 .text.LightLock_Unlock
                0x0000000000121de0       0x40 /opt/devkitPro//libctru/lib/libctru.a(synchronization.o)
                0x0000000000121de0                LightLock_Unlock
 .text.RecursiveLock_Init
                0x0000000000121e20       0x24 /opt/devkitPro//libctru/lib/libctru.a(synchronization.o)
                0x0000000000121e20                RecursiveLock_Init
 .text.RecursiveLock_Lock
                0x0000000000121e44       0x30 /opt/devkitPro//libctru/lib/libctru.a(synchronization.o)
                0x0000000000121e44                RecursiveLock_Lock
 .text.RecursiveLock_Unlock
                0x0000000000121e74       0x54 /opt/devkitPro//libctru/lib/libctru.a(synchronization.o)
                0x0000000000121e74                RecursiveLock_Unlock
 .text.LightEvent_Init
                0x0000000000121ec8       0x40 /opt/devkitPro//libctru/lib/libctru.a(synchronization.o)
                0x0000000000121ec8                LightEvent_Init
 .text.LightEvent_Clear
                0x0000000000121f08       0xa4 /opt/devkitPro//libctru/lib/libctru.a(synchronization.o)
                0x0000000000121f08                LightEvent_Clear
 .text.LightEvent_Signal
                0x0000000000121fac       0xc8 /opt/devkitPro//libctru/lib/libctru.a(synchronization.o)
                0x0000000000121fac                LightEvent_Signal
 .text.LightEvent_TryWait
                0x0000000000122074       0x50 /opt/devkitPro//libctru/lib/libctru.a(synchronization.o)
                0x0000000000122074                LightEvent_TryWait
 .text.LightEvent_Wait
                0x00000000001220c4       0xb0 /opt/devkitPro//libctru/lib/libctru.a(synchronization.o)
                0x00000000001220c4                LightEvent_Wait
 .text.osConvertVirtToPhys
                0x0000000000122174       0x74 /opt/devkitPro//libctru/lib/libctru.a(os.o)
                0x0000000000122174                osConvertVirtToPhys
 .text.osGetTimeRef
                0x00000000001221e8       0x54 /opt/devkitPro//libctru/lib/libctru.a(os.o)
                0x00000000001221e8                osGetTimeRef
 .text.osGetTime
                0x000000000012223c       0xec /opt/devkitPro//libctru/lib/libctru.a(os.o)
                0x000000000012223c                osGetTime
 .text.osTickCounterRead
                0x0000000000122328       0x38 /opt/devkitPro//libctru/lib/libctru.a(os.o)
                0x0000000000122328                osTickCounterRead
 .text.__ctru_speedup_config
                0x0000000000122360       0x34 /opt/devkitPro//libctru/lib/libctru.a(os.o)
                0x0000000000122360                __ctru_speedup_config
 .text.parseColor
                0x0000000000122394      0x1e8 /opt/devkitPro//libctru/lib/libctru.a(console.o)
 .text.consoleDrawChar
                0x000000000012257c      0x1ac /opt/devkitPro//libctru/lib/libctru.a(console.o)
                0x000000000012257c                consoleDrawChar
 .text.consolePrintChar
                0x0000000000122728      0x124 /opt/devkitPro//libctru/lib/libctru.a(console.o)
                0x0000000000122728                consolePrintChar
 .text.con_write
                0x000000000012284c      0xb94 /opt/devkitPro//libctru/lib/libctru.a(console.o)
                0x000000000012284c                con_write
 .text.newRow   0x00000000001233e0       0xfc /opt/devkitPro//libctru/lib/libctru.a(console.o)
 .text.consoleInit
                0x00000000001234dc      0x168 /opt/devkitPro//libctru/lib/libctru.a(console.o)
                0x00000000001234dc                consoleInit
 .text.gfxPresentFramebuffer
                0x0000000000123644       0xd0 /opt/devkitPro//libctru/lib/libctru.a(gfx.o)
 .text.gfxSet3D
                0x0000000000123714       0x10 /opt/devkitPro//libctru/lib/libctru.a(gfx.o)
                0x0000000000123714                gfxSet3D
 .text.gfxIsWide
                0x0000000000123724       0x1c /opt/devkitPro//libctru/lib/libctru.a(gfx.o)
                0x0000000000123724                gfxIsWide
 .text.gfxSetScreenFormat
                0x0000000000123740       0xec /opt/devkitPro//libctru/lib/libctru.a(gfx.o)
                0x0000000000123740                gfxSetScreenFormat
 .text.gfxSetDoubleBuffering
                0x000000000012382c       0x10 /opt/devkitPro//libctru/lib/libctru.a(gfx.o)
                0x000000000012382c                gfxSetDoubleBuffering
 .text.gfxInit  0x000000000012383c       0xe0 /opt/devkitPro//libctru/lib/libctru.a(gfx.o)
                0x000000000012383c                gfxInit
 .text.gfxInitDefault
                0x000000000012391c       0x10 /opt/devkitPro//libctru/lib/libctru.a(gfx.o)
                0x000000000012391c                gfxInitDefault
 .text.gfxExit  0x000000000012392c       0xb4 /opt/devkitPro//libctru/lib/libctru.a(gfx.o)
                0x000000000012392c                gfxExit
 .text.gfxGetFramebuffer
                0x00000000001239e0       0xa0 /opt/devkitPro//libctru/lib/libctru.a(gfx.o)
                0x00000000001239e0                gfxGetFramebuffer
 .text.gfxFlushBuffers
                0x0000000000123a80      0x104 /opt/devkitPro//libctru/lib/libctru.a(gfx.o)
                0x0000000000123a80                gfxFlushBuffers
 .text.gfxScreenSwapBuffers
                0x0000000000123b84       0x30 /opt/devkitPro//libctru/lib/libctru.a(gfx.o)
                0x0000000000123b84                gfxScreenSwapBuffers
 .text.gfxSwapBuffersGpu
                0x0000000000123bb4       0x50 /opt/devkitPro//libctru/lib/libctru.a(gfx.o)
                0x0000000000123bb4                gfxSwapBuffersGpu
 .text.threadCreate
                0x0000000000123c04      0x178 /opt/devkitPro//libctru/lib/libctru.a(thread.o)
                0x0000000000123c04                threadCreate
 .text.threadFree
                0x0000000000123d7c       0x2c /opt/devkitPro//libctru/lib/libctru.a(thread.o)
                0x0000000000123d7c                threadFree
 .text.threadJoin
                0x0000000000123da8       0x24 /opt/devkitPro//libctru/lib/libctru.a(thread.o)
                0x0000000000123da8                threadJoin
 .text.threadGetCurrent
                0x0000000000123dcc       0x30 /opt/devkitPro//libctru/lib/libctru.a(thread.o)
                0x0000000000123dcc                threadGetCurrent
 .text.threadExit
                0x0000000000123dfc       0x40 /opt/devkitPro//libctru/lib/libctru.a(thread.o)
                0x0000000000123dfc                threadExit
 .text._thread_begin
                0x0000000000123e3c       0x20 /opt/devkitPro//libctru/lib/libctru.a(thread.o)
 .text.shaderInstanceInit
                0x0000000000123e5c      0x1d4 /opt/devkitPro//libctru/lib/libctru.a(shaderProgram.o)
                0x0000000000123e5c                shaderInstanceInit
 .text.shaderInstanceGetUniformLocation
                0x0000000000124030       0x18 /opt/devkitPro//libctru/lib/libctru.a(shaderProgram.o)
                0x0000000000124030                shaderInstanceGetUniformLocation
 .text.shaderProgramInit
                0x0000000000124048       0x1c /opt/devkitPro//libctru/lib/libctru.a(shaderProgram.o)
                0x0000000000124048                shaderProgramInit
 .text.shaderProgramFree
                0x0000000000124064       0x64 /opt/devkitPro//libctru/lib/libctru.a(shaderProgram.o)
                0x0000000000124064                shaderProgramFree
 .text.shaderProgramSetVsh
                0x00000000001240c8       0x80 /opt/devkitPro//libctru/lib/libctru.a(shaderProgram.o)
                0x00000000001240c8                shaderProgramSetVsh
 .text.shaderProgramConfigure
                0x0000000000124148      0x8e0 /opt/devkitPro//libctru/lib/libctru.a(shaderProgram.o)
                0x0000000000124148                shaderProgramConfigure
 .text.DVLE_GenerateOutmap.part.0
                0x0000000000124a28      0x1cc /opt/devkitPro//libctru/lib/libctru.a(shbin.o)
 .text.DVLB_ParseFile
                0x0000000000124bf4      0x1b4 /opt/devkitPro//libctru/lib/libctru.a(shbin.o)
                0x0000000000124bf4                DVLB_ParseFile
 .text.DVLB_Free
                0x0000000000124da8       0x38 /opt/devkitPro//libctru/lib/libctru.a(shbin.o)
                0x0000000000124da8                DVLB_Free
 .text.DVLE_GetUniformRegister
                0x0000000000124de0       0x74 /opt/devkitPro//libctru/lib/libctru.a(shbin.o)
                0x0000000000124de0                DVLE_GetUniformRegister
 .text.GX_BindQueue
                0x0000000000124e54       0x10 /opt/devkitPro//libctru/lib/libctru.a(gx.o)
                0x0000000000124e54                GX_BindQueue
 .text.GX_RequestDma
                0x0000000000124e64       0x6c /opt/devkitPro//libctru/lib/libctru.a(gx.o)
                0x0000000000124e64                GX_RequestDma
 .text.GX_ProcessCommandList
                0x0000000000124ed0       0x78 /opt/devkitPro//libctru/lib/libctru.a(gx.o)
                0x0000000000124ed0                GX_ProcessCommandList
 .text.GX_MemoryFill
                0x0000000000124f48       0x74 /opt/devkitPro//libctru/lib/libctru.a(gx.o)
                0x0000000000124f48                GX_MemoryFill
 .text.GX_DisplayTransfer
                0x0000000000124fbc       0x70 /opt/devkitPro//libctru/lib/libctru.a(gx.o)
                0x0000000000124fbc                GX_DisplayTransfer
 .text.GX_TextureCopy
                0x000000000012502c       0x74 /opt/devkitPro//libctru/lib/libctru.a(gx.o)
                0x000000000012502c                GX_TextureCopy
 .text.gxCmdQueueDoCommands.part.0
                0x00000000001250a0       0x68 /opt/devkitPro//libctru/lib/libctru.a(gxqueue.o)
 .text.gxCmdQueueInterrupt
                0x0000000000125108       0xc8 /opt/devkitPro//libctru/lib/libctru.a(gxqueue.o)
                0x0000000000125108                gxCmdQueueInterrupt
 .text.gxCmdQueueClear
                0x00000000001251d0       0x4c /opt/devkitPro//libctru/lib/libctru.a(gxqueue.o)
                0x00000000001251d0                gxCmdQueueClear
 .text.gxCmdQueueAdd
                0x000000000012521c       0xf8 /opt/devkitPro//libctru/lib/libctru.a(gxqueue.o)
                0x000000000012521c                gxCmdQueueAdd
 .text.gxCmdQueueRun
                0x0000000000125314       0x80 /opt/devkitPro//libctru/lib/libctru.a(gxqueue.o)
                0x0000000000125314                gxCmdQueueRun
 .text.gxCmdQueueStop
                0x0000000000125394       0x60 /opt/devkitPro//libctru/lib/libctru.a(gxqueue.o)
                0x0000000000125394                gxCmdQueueStop
 .text.gxCmdQueueWait
                0x00000000001253f4       0x74 /opt/devkitPro//libctru/lib/libctru.a(gxqueue.o)
                0x00000000001253f4                gxCmdQueueWait
 .text.GPUCMD_Add
                0x0000000000125468      0x13c /opt/devkitPro//libctru/lib/libctru.a(gpu.o)
                0x0000000000125468                GPUCMD_Add
 .text.GPUCMD_Split
                0x00000000001255a4       0xb0 /opt/devkitPro//libctru/lib/libctru.a(gpu.o)
                0x00000000001255a4                GPUCMD_Split
 .text.f32tof16
                0x0000000000125654       0x34 /opt/devkitPro//libctru/lib/libctru.a(gpu.o)
                0x0000000000125654                f32tof16
 .text.f32tof24
                0x0000000000125688       0x34 /opt/devkitPro//libctru/lib/libctru.a(gpu.o)
                0x0000000000125688                f32tof24
 .text.f32tof31
                0x00000000001256bc       0x38 /opt/devkitPro//libctru/lib/libctru.a(gpu.o)
                0x00000000001256bc                f32tof31
 .text.irrstInit
                0x00000000001256f4      0x164 /opt/devkitPro//libctru/lib/libctru.a(irrst.o)
                0x00000000001256f4                irrstInit
 .text.irrstExit
                0x0000000000125858       0xcc /opt/devkitPro//libctru/lib/libctru.a(irrst.o)
                0x0000000000125858                irrstExit
 .text.irrstScanInput
                0x0000000000125924       0xb4 /opt/devkitPro//libctru/lib/libctru.a(irrst.o)
                0x0000000000125924                irrstScanInput
 .text.irrstKeysHeld
                0x00000000001259d8       0x24 /opt/devkitPro//libctru/lib/libctru.a(irrst.o)
                0x00000000001259d8                irrstKeysHeld
 .text.irrstCstickRead
                0x00000000001259fc       0x18 /opt/devkitPro//libctru/lib/libctru.a(irrst.o)
                0x00000000001259fc                irrstCstickRead
 .text.gspHardwareInit
                0x0000000000125a14      0xc58 /opt/devkitPro//libctru/lib/libctru.a(gspgpu.o)
 .text.gspInit  0x000000000012666c      0x248 /opt/devkitPro//libctru/lib/libctru.a(gspgpu.o)
                0x000000000012666c                gspInit
 .text.gspExit  0x00000000001268b4       0xf0 /opt/devkitPro//libctru/lib/libctru.a(gspgpu.o)
                0x00000000001268b4                gspExit
 .text.gspHasGpuRight
                0x00000000001269a4       0x10 /opt/devkitPro//libctru/lib/libctru.a(gspgpu.o)
                0x00000000001269a4                gspHasGpuRight
 .text.gspPresentBuffer
                0x00000000001269b4       0xa0 /opt/devkitPro//libctru/lib/libctru.a(gspgpu.o)
                0x00000000001269b4                gspPresentBuffer
 .text.gspSetEventCallback
                0x0000000000126a54       0x30 /opt/devkitPro//libctru/lib/libctru.a(gspgpu.o)
                0x0000000000126a54                gspSetEventCallback
 .text.gspWaitForEvent
                0x0000000000126a84       0x44 /opt/devkitPro//libctru/lib/libctru.a(gspgpu.o)
                0x0000000000126a84                gspWaitForEvent
 .text.gspWaitForAnyEvent
                0x0000000000126ac8       0x4c /opt/devkitPro//libctru/lib/libctru.a(gspgpu.o)
                0x0000000000126ac8                gspWaitForAnyEvent
 .text.gspEventThreadMain
                0x0000000000126b14      0x158 /opt/devkitPro//libctru/lib/libctru.a(gspgpu.o)
 .text.gspSubmitGxCommand
                0x0000000000126c6c      0x130 /opt/devkitPro//libctru/lib/libctru.a(gspgpu.o)
                0x0000000000126c6c                gspSubmitGxCommand
 .text.GSPGPU_FlushDataCache
                0x0000000000126d9c       0x50 /opt/devkitPro//libctru/lib/libctru.a(gspgpu.o)
                0x0000000000126d9c                GSPGPU_FlushDataCache
 .text.GSPGPU_SetLcdForceBlack
                0x0000000000126dec       0x34 /opt/devkitPro//libctru/lib/libctru.a(gspgpu.o)
                0x0000000000126dec                GSPGPU_SetLcdForceBlack
 .text.GSPGPU_AcquireRight
                0x0000000000126e20       0x68 /opt/devkitPro//libctru/lib/libctru.a(gspgpu.o)
                0x0000000000126e20                GSPGPU_AcquireRight
 .text.GSPGPU_ReleaseRight
                0x0000000000126e88       0x48 /opt/devkitPro//libctru/lib/libctru.a(gspgpu.o)
                0x0000000000126e88                GSPGPU_ReleaseRight
 .text.GSPGPU_ImportDisplayCaptureInfo
                0x0000000000126ed0       0x7c /opt/devkitPro//libctru/lib/libctru.a(gspgpu.o)
                0x0000000000126ed0                GSPGPU_ImportDisplayCaptureInfo
 .text.GSPGPU_SaveVramSysArea
                0x0000000000126f4c       0x2c /opt/devkitPro//libctru/lib/libctru.a(gspgpu.o)
                0x0000000000126f4c                GSPGPU_SaveVramSysArea
 .text.GSPGPU_RestoreVramSysArea
                0x0000000000126f78       0x2c /opt/devkitPro//libctru/lib/libctru.a(gspgpu.o)
                0x0000000000126f78                GSPGPU_RestoreVramSysArea
 .text.aptConvertScreenForCapture
                0x0000000000126fa4      0x1a4 /opt/devkitPro//libctru/lib/libctru.a(apt.o)
 .text.aptDspSleep
                0x0000000000127148        0x8 /opt/devkitPro//libctru/lib/libctru.a(apt.o)
                0x0000000000127148                aptDspSleep
 .text.aptDspWakeup
                0x0000000000127150        0x4 /opt/devkitPro//libctru/lib/libctru.a(apt.o)
                0x0000000000127150                aptDspWakeup
 .text.aptDspCancel
                0x0000000000127154        0x4 /opt/devkitPro//libctru/lib/libctru.a(apt.o)
                0x0000000000127154                aptDspCancel
 .text.aptSendCommand
                0x0000000000127158      0x158 /opt/devkitPro//libctru/lib/libctru.a(apt.o)
                0x0000000000127158                aptSendCommand
 .text.aptExitProcess
                0x00000000001272b0       0x44 /opt/devkitPro//libctru/lib/libctru.a(apt.o)
 .text.aptExit  0x00000000001272f4      0x2f4 /opt/devkitPro//libctru/lib/libctru.a(apt.o)
                0x00000000001272f4                aptExit
 .text.aptHandleSleep
                0x00000000001275e8       0xe0 /opt/devkitPro//libctru/lib/libctru.a(apt.o)
                0x00000000001275e8                aptHandleSleep
 .text.aptHook  0x00000000001276c8       0x30 /opt/devkitPro//libctru/lib/libctru.a(apt.o)
                0x00000000001276c8                aptHook
 .text.aptUnhook
                0x00000000001276f8       0x30 /opt/devkitPro//libctru/lib/libctru.a(apt.o)
                0x00000000001276f8                aptUnhook
 .text.aptSetMessageCallback
                0x0000000000127728       0x1c /opt/devkitPro//libctru/lib/libctru.a(apt.o)
                0x0000000000127728                aptSetMessageCallback
 .text.APT_SleepIfShellClosed
                0x0000000000127744       0x84 /opt/devkitPro//libctru/lib/libctru.a(apt.o)
                0x0000000000127744                APT_SleepIfShellClosed
 .text.aptSetSleepAllowed
                0x00000000001277c8       0x84 /opt/devkitPro//libctru/lib/libctru.a(apt.o)
                0x00000000001277c8                aptSetSleepAllowed
 .text.APT_UnlockTransition
                0x000000000012784c       0x84 /opt/devkitPro//libctru/lib/libctru.a(apt.o)
                0x000000000012784c                APT_UnlockTransition
 .text.aptEventHandler
                0x00000000001278d0      0x4a4 /opt/devkitPro//libctru/lib/libctru.a(apt.o)
 .text.APT_ReceiveParameter
                0x0000000000127d74       0xb0 /opt/devkitPro//libctru/lib/libctru.a(apt.o)
                0x0000000000127d74                APT_ReceiveParameter
 .text.aptReceiveParameter.constprop.0
                0x0000000000127e24       0xb0 /opt/devkitPro//libctru/lib/libctru.a(apt.o)
 *fill*         0x0000000000127ed4        0x4 
 .text.aptScreenTransfer
                0x0000000000127ed8      0x2ac /opt/devkitPro//libctru/lib/libctru.a(apt.o)
 .text.aptWaitForWakeUp.isra.0
                0x0000000000128184      0x344 /opt/devkitPro//libctru/lib/libctru.a(apt.o)
 .text.aptLaunchLibraryApplet
                0x00000000001284c8      0x11c /opt/devkitPro//libctru/lib/libctru.a(apt.o)
                0x00000000001284c8                aptLaunchLibraryApplet
 *fill*         0x00000000001285e4        0x4 
 .text.aptJumpToHomeMenu
                0x00000000001285e8      0x100 /opt/devkitPro//libctru/lib/libctru.a(apt.o)
                0x00000000001285e8                aptJumpToHomeMenu
 .text.aptMainLoop
                0x00000000001286e8       0x48 /opt/devkitPro//libctru/lib/libctru.a(apt.o)
                0x00000000001286e8                aptMainLoop
 .text.aptInit  0x0000000000128730      0x22c /opt/devkitPro//libctru/lib/libctru.a(apt.o)
                0x0000000000128730                aptInit
 .text.APT_SendParameter
                0x000000000012895c       0x5c /opt/devkitPro//libctru/lib/libctru.a(apt.o)
                0x000000000012895c                APT_SendParameter
 .text.APT_SetAppCpuTimeLimit
                0x00000000001289b8       0x30 /opt/devkitPro//libctru/lib/libctru.a(apt.o)
                0x00000000001289b8                APT_SetAppCpuTimeLimit
 .text.APT_CheckNew3DS
                0x00000000001289e8       0x7c /opt/devkitPro//libctru/lib/libctru.a(apt.o)
                0x00000000001289e8                APT_CheckNew3DS
 .text.hidShouldUseIrrst
                0x0000000000128a64       0x24 /opt/devkitPro//libctru/lib/libctru.a(hid.o)
                0x0000000000128a64                hidShouldUseIrrst
 .text.hidInit  0x0000000000128a88      0x18c /opt/devkitPro//libctru/lib/libctru.a(hid.o)
                0x0000000000128a88                hidInit
 .text.hidExit  0x0000000000128c14       0xe8 /opt/devkitPro//libctru/lib/libctru.a(hid.o)
                0x0000000000128c14                hidExit
 .text.hidScanInput
                0x0000000000128cfc      0x2a4 /opt/devkitPro//libctru/lib/libctru.a(hid.o)
                0x0000000000128cfc                hidScanInput
 .text.hidKeysHeld
                0x0000000000128fa0       0x10 /opt/devkitPro//libctru/lib/libctru.a(hid.o)
                0x0000000000128fa0                hidKeysHeld
 .text.hidKeysDown
                0x0000000000128fb0       0x10 /opt/devkitPro//libctru/lib/libctru.a(hid.o)
                0x0000000000128fb0                hidKeysDown
 .text.hidKeysUp
                0x0000000000128fc0       0x10 /opt/devkitPro//libctru/lib/libctru.a(hid.o)
                0x0000000000128fc0                hidKeysUp
 .text.hidTouchRead
                0x0000000000128fd0       0x18 /opt/devkitPro//libctru/lib/libctru.a(hid.o)
                0x0000000000128fd0                hidTouchRead
 .text.hidCircleRead
                0x0000000000128fe8       0x18 /opt/devkitPro//libctru/lib/libctru.a(hid.o)
                0x0000000000128fe8                hidCircleRead
 .text.ptmSysmInit
                0x0000000000129000       0x74 /opt/devkitPro//libctru/lib/libctru.a(ptmsysm.o)
                0x0000000000129000                ptmSysmInit
 .text.ptmSysmExit
                0x0000000000129074       0x3c /opt/devkitPro//libctru/lib/libctru.a(ptmsysm.o)
                0x0000000000129074                ptmSysmExit
 .text.PTMSYSM_ConfigureNew3DSCPU
                0x00000000001290b0       0x34 /opt/devkitPro//libctru/lib/libctru.a(ptmsysm.o)
                0x00000000001290b0                PTMSYSM_ConfigureNew3DSCPU
 .text.fsInit   0x00000000001290e4       0xcc /opt/devkitPro//libctru/lib/libctru.a(fs.o)
                0x00000000001290e4                fsInit
 .text.fsExit   0x00000000001291b0       0x3c /opt/devkitPro//libctru/lib/libctru.a(fs.o)
                0x00000000001291b0                fsExit
 .text.fsExemptFromSession
                0x00000000001291ec       0x60 /opt/devkitPro//libctru/lib/libctru.a(fs.o)
                0x00000000001291ec                fsExemptFromSession
 .text.fsUnexemptFromSession
                0x000000000012924c       0x50 /opt/devkitPro//libctru/lib/libctru.a(fs.o)
                0x000000000012924c                fsUnexemptFromSession
 .text.FSUSER_OpenFile
                0x000000000012929c       0xcc /opt/devkitPro//libctru/lib/libctru.a(fs.o)
                0x000000000012929c                FSUSER_OpenFile
 .text.FSUSER_OpenFileDirectly
                0x0000000000129368       0xd4 /opt/devkitPro//libctru/lib/libctru.a(fs.o)
                0x0000000000129368                FSUSER_OpenFileDirectly
 .text.FSUSER_DeleteFile
                0x000000000012943c       0xbc /opt/devkitPro//libctru/lib/libctru.a(fs.o)
                0x000000000012943c                FSUSER_DeleteFile
 .text.FSUSER_RenameFile
                0x00000000001294f8       0xf8 /opt/devkitPro//libctru/lib/libctru.a(fs.o)
                0x00000000001294f8                FSUSER_RenameFile
 .text.FSUSER_DeleteDirectory
                0x00000000001295f0       0xbc /opt/devkitPro//libctru/lib/libctru.a(fs.o)
                0x00000000001295f0                FSUSER_DeleteDirectory
 .text.FSUSER_CreateFile
                0x00000000001296ac       0xd4 /opt/devkitPro//libctru/lib/libctru.a(fs.o)
                0x00000000001296ac                FSUSER_CreateFile
 .text.FSUSER_CreateDirectory
                0x0000000000129780       0xc4 /opt/devkitPro//libctru/lib/libctru.a(fs.o)
                0x0000000000129780                FSUSER_CreateDirectory
 .text.FSUSER_RenameDirectory
                0x0000000000129844       0xf8 /opt/devkitPro//libctru/lib/libctru.a(fs.o)
                0x0000000000129844                FSUSER_RenameDirectory
 .text.FSUSER_OpenDirectory
                0x000000000012993c       0xb4 /opt/devkitPro//libctru/lib/libctru.a(fs.o)
                0x000000000012993c                FSUSER_OpenDirectory
 .text.FSUSER_OpenArchive
                0x00000000001299f0       0x98 /opt/devkitPro//libctru/lib/libctru.a(fs.o)
                0x00000000001299f0                FSUSER_OpenArchive
 .text.FSUSER_CloseArchive
                0x0000000000129a88       0x8c /opt/devkitPro//libctru/lib/libctru.a(fs.o)
                0x0000000000129a88                FSUSER_CloseArchive
 .text.FSUSER_GetSdmcArchiveResource
                0x0000000000129b14       0x74 /opt/devkitPro//libctru/lib/libctru.a(fs.o)
                0x0000000000129b14                FSUSER_GetSdmcArchiveResource
 .text.FSUSER_IsSdmcWritable
                0x0000000000129b88       0x64 /opt/devkitPro//libctru/lib/libctru.a(fs.o)
                0x0000000000129b88                FSUSER_IsSdmcWritable
 .text.FSFILE_Read
                0x0000000000129bec       0x58 /opt/devkitPro//libctru/lib/libctru.a(fs.o)
                0x0000000000129bec                FSFILE_Read
 .text.FSFILE_Write
                0x0000000000129c44       0x60 /opt/devkitPro//libctru/lib/libctru.a(fs.o)
                0x0000000000129c44                FSFILE_Write
 .text.FSFILE_GetSize
                0x0000000000129ca4       0x3c /opt/devkitPro//libctru/lib/libctru.a(fs.o)
                0x0000000000129ca4                FSFILE_GetSize
 .text.FSFILE_SetSize
                0x0000000000129ce0       0x28 /opt/devkitPro//libctru/lib/libctru.a(fs.o)
                0x0000000000129ce0                FSFILE_SetSize
 .text.FSFILE_Close
                0x0000000000129d08       0x3c /opt/devkitPro//libctru/lib/libctru.a(fs.o)
                0x0000000000129d08                FSFILE_Close
 .text.FSFILE_Flush
                0x0000000000129d44       0x24 /opt/devkitPro//libctru/lib/libctru.a(fs.o)
                0x0000000000129d44                FSFILE_Flush
 .text.FSDIR_Read
                0x0000000000129d68       0x50 /opt/devkitPro//libctru/lib/libctru.a(fs.o)
                0x0000000000129d68                FSDIR_Read
 .text.FSDIR_Close
                0x0000000000129db8       0x3c /opt/devkitPro//libctru/lib/libctru.a(fs.o)
                0x0000000000129db8                FSDIR_Close
 .text.swkbdMessageCallback
                0x0000000000129df4      0x178 /opt/devkitPro//libctru/lib/libctru.a(swkbd.o)
 .text.swkbdInit
                0x0000000000129f6c       0x78 /opt/devkitPro//libctru/lib/libctru.a(swkbd.o)
                0x0000000000129f6c                swkbdInit
 .text.swkbdSetHintText
                0x0000000000129fe4       0x50 /opt/devkitPro//libctru/lib/libctru.a(swkbd.o)
                0x0000000000129fe4                swkbdSetHintText
 .text.swkbdInputText
                0x000000000012a034      0x3a4 /opt/devkitPro//libctru/lib/libctru.a(swkbd.o)
                0x000000000012a034                swkbdInputText
 .text.rbtree_init
                0x000000000012a3d8       0x10 /opt/devkitPro//libctru/lib/libctru.a(rbtree_init.o)
                0x000000000012a3d8                rbtree_init
 .text.do_insert
                0x000000000012a3e8      0x1b4 /opt/devkitPro//libctru/lib/libctru.a(rbtree_insert.o)
 .text.rbtree_insert
                0x000000000012a59c        0x8 /opt/devkitPro//libctru/lib/libctru.a(rbtree_insert.o)
                0x000000000012a59c                rbtree_insert
 .text.rbtree_rotate
                0x000000000012a5a4       0x90 /opt/devkitPro//libctru/lib/libctru.a(rbtree_rotate.o)
                0x000000000012a5a4                rbtree_rotate
 .text.rbtree_remove
                0x000000000012a634      0x318 /opt/devkitPro//libctru/lib/libctru.a(rbtree_remove.o)
                0x000000000012a634                rbtree_remove
 .text.rbtree_find
                0x000000000012a94c       0x74 /opt/devkitPro//libctru/lib/libctru.a(rbtree_find.o)
                0x000000000012a94c                rbtree_find
 .text.utf16_to_utf8
                0x000000000012a9c0       0xe8 /opt/devkitPro//libctru/lib/libctru.a(utf16_to_utf8.o)
                0x000000000012a9c0                utf16_to_utf8
 .text.decode_utf16
                0x000000000012aaa8       0x64 /opt/devkitPro//libctru/lib/libctru.a(decode_utf16.o)
                0x000000000012aaa8                decode_utf16
 .text.utf8_to_utf16
                0x000000000012ab0c       0xc0 /opt/devkitPro//libctru/lib/libctru.a(utf8_to_utf16.o)
                0x000000000012ab0c                utf8_to_utf16
 .text.__syscall_getreent
                0x000000000012abcc       0x30 /opt/devkitPro//libctru/lib/libctru.a(syscalls.o)
                0x000000000012abcc                __syscall_getreent
 .text.__syscall_gettod_r
                0x000000000012abfc       0x74 /opt/devkitPro//libctru/lib/libctru.a(syscalls.o)
                0x000000000012abfc                __syscall_gettod_r
 .text.__syscall_lock_acquire
                0x000000000012ac70        0x4 /opt/devkitPro//libctru/lib/libctru.a(syscalls.o)
                0x000000000012ac70                __syscall_lock_acquire
 .text.__syscall_lock_release
                0x000000000012ac74        0x4 /opt/devkitPro//libctru/lib/libctru.a(syscalls.o)
                0x000000000012ac74                __syscall_lock_release
 .text.__syscall_lock_init_recursive
                0x000000000012ac78        0x4 /opt/devkitPro//libctru/lib/libctru.a(syscalls.o)
                0x000000000012ac78                __syscall_lock_init_recursive
 .text.__syscall_lock_acquire_recursive
                0x000000000012ac7c        0x4 /opt/devkitPro//libctru/lib/libctru.a(syscalls.o)
                0x000000000012ac7c                __syscall_lock_acquire_recursive
 .text.__syscall_lock_release_recursive
                0x000000000012ac80        0x4 /opt/devkitPro//libctru/lib/libctru.a(syscalls.o)
                0x000000000012ac80                __syscall_lock_release_recursive
 .text.__syscall_exit
                0x000000000012ac84        0x4 /opt/devkitPro//libctru/lib/libctru.a(syscalls.o)
                0x000000000012ac84                __syscall_exit
 .text.initThreadVars
                0x000000000012ac88       0x50 /opt/devkitPro//libctru/lib/libctru.a(syscalls.o)
                0x000000000012ac88                initThreadVars
 .text.__system_initSyscalls
                0x000000000012acd8       0x68 /opt/devkitPro//libctru/lib/libctru.a(syscalls.o)
                0x000000000012acd8                __system_initSyscalls
 .text.__system_allocateHeaps
                0x000000000012ad40      0x1e0 /opt/devkitPro//libctru/lib/libctru.a(allocateHeaps.o)
                0x000000000012ad40                __system_allocateHeaps
 .text.__libctru_init
                0x000000000012af20       0x38 /opt/devkitPro//libctru/lib/libctru.a(ctru_init.o)
                0x000000000012af20                __libctru_init
 .text.__system_initArgv
                0x000000000012af58      0x170 /opt/devkitPro//libctru/lib/libctru.a(initArgv.o)
                0x000000000012af58                __system_initArgv
 .text.svcControlMemory
                0x000000000012b0c8       0x20 /opt/devkitPro//libctru/lib/libctru.a(svc.o)
                0x000000000012b0c8                svcControlMemory
 .text.svcQueryMemory
                0x000000000012b0e8       0x30 /opt/devkitPro//libctru/lib/libctru.a(svc.o)
                0x000000000012b0e8                svcQueryMemory
 .text.svcExitProcess
                0x000000000012b118        0x8 /opt/devkitPro//libctru/lib/libctru.a(svc.o)
                0x000000000012b118                svcExitProcess
 .text.svcCreateThread
                0x000000000012b120       0x20 /opt/devkitPro//libctru/lib/libctru.a(svc.o)
                0x000000000012b120                svcCreateThread
 .text.svcExitThread
                0x000000000012b140        0x8 /opt/devkitPro//libctru/lib/libctru.a(svc.o)
                0x000000000012b140                svcExitThread
 .text.svcSleepThread
                0x000000000012b148        0x8 /opt/devkitPro//libctru/lib/libctru.a(svc.o)
                0x000000000012b148                svcSleepThread
 .text.svcGetThreadPriority
                0x000000000012b150       0x14 /opt/devkitPro//libctru/lib/libctru.a(svc.o)
                0x000000000012b150                svcGetThreadPriority
 .text.svcReleaseMutex
                0x000000000012b164        0x8 /opt/devkitPro//libctru/lib/libctru.a(svc.o)
                0x000000000012b164                svcReleaseMutex
 .text.svcCreateEvent
                0x000000000012b16c       0x14 /opt/devkitPro//libctru/lib/libctru.a(svc.o)
                0x000000000012b16c                svcCreateEvent
 .text.svcSignalEvent